{
  "project": "test",
  "name": "system_info",
  "checkId": "A001",
  "timestamptz": "2019-02-20 06:14:11.0+0000",
  "dependencies": {
    "null": "null"
  },
  "last_nodes_json": {
    "hosts": {
      "runner-fa6cab46-project-9951336-concurrent-0": {
        "internal_alias": "node1",
        "index": "1",
        "role": "master",
        "role_change_detected_at": "never"
      }
    },
    "last_check": {
      "epoch": "1",
      "timestamptz": "2019-02-20 06:14:11.0+0000",
      "dir": "1_2019_02_20T06_13_31_+0000"
    }
  },
  "database": "dbname",
  "results": {
    "runner-fa6cab46-project-9951336-concurrent-0": {
      "data": {
        "cpu": {
          "cmd2check": "lscpu",
          "Architecture": "x86_64",
          "CPU op-mode(s)": "32-bit, 64-bit",
          "Byte Order": "Little Endian",
          "CPU(s)": "1",
          "On-line CPU(s) list": "0",
          "Thread(s) per core": "1",
          "Core(s) per socket": "1",
          "Socket(s)": "1",
          "NUMA node(s)": "1",
          "Vendor ID": "GenuineIntel",
          "CPU family": "6",
          "Model": "63",
          "Model name": "Intel(R) Xeon(R) CPU @ 2.30GHz",
          "Stepping": "0",
          "CPU MHz": "2300.000",
          "BogoMIPS": "4600.00",
          "Hypervisor vendor": "KVM",
          "Virtualization type": "full",
          "L1d cache": "32K",
          "L1i cache": "32K",
          "L2 cache": "256K",
          "L3 cache": "46080K",
          "NUMA node0 CPU(s)": "0",
          "Flags": "fpu vme de pse tsc msr pae mce cx8 apic sep mtrr pge mca cmov pat pse36 clflush mmx fxsr sse sse2 ss ht syscall nx pdpe1gb rdtscp lm constant_tsc rep_good nopl xtopology nonstop_tsc cpuid pni pclmulqdq ssse3 fma cx16 pcid sse4_1 sse4_2 x2apic movbe popcnt aes xsave avx f16c rdrand hypervisor lahf_lm abm invpcid_single pti ssbd ibrs ibpb stibp fsgsbase tsc_adjust bmi1 avx2 smep bmi2 erms invpcid xsaveopt arat arch_capabilities",
          "raw": "Architecture:          x86_64\nCPU op-mode(s):        32-bit, 64-bit\nByte Order:            Little Endian\nCPU(s):                1\nOn-line CPU(s) list:   0\nThread(s) per core:    1\nCore(s) per socket:    1\nSocket(s):             1\nNUMA node(s):          1\nVendor ID:             GenuineIntel\nCPU family:            6\nModel:                 63\nModel name:            Intel(R) Xeon(R) CPU @ 2.30GHz\nStepping:              0\nCPU MHz:               2300.000\nBogoMIPS:              4600.00\nHypervisor vendor:     KVM\nVirtualization type:   full\nL1d cache:             32K\nL1i cache:             32K\nL2 cache:              256K\nL3 cache:              46080K\nNUMA node0 CPU(s):     0\nFlags:                 fpu vme de pse tsc msr pae mce cx8 apic sep mtrr pge mca cmov pat pse36 clflush mmx fxsr sse sse2 ss ht syscall nx pdpe1gb rdtscp lm constant_tsc rep_good nopl xtopology nonstop_tsc cpuid pni pclmulqdq ssse3 fma cx16 pcid sse4_1 sse4_2 x2apic movbe popcnt aes xsave avx f16c rdrand hypervisor lahf_lm abm invpcid_single pti ssbd ibrs ibpb stibp fsgsbase tsc_adjust bmi1 avx2 smep bmi2 erms invpcid xsaveopt arat arch_capabilities"
        },
        "ram": {
          "cmd2check": "cat /proc/meminfo",
          "MemTotal": "3784708 kB",
          "MemFree": "208616 kB",
          "MemAvailable": "2701016 kB",
          "Buffers": "75844 kB",
          "Cached": "2828772 kB",
          "SwapCached": "4 kB",
          "Active": "1310188 kB",
          "Inactive": "1987628 kB",
          "Active(anon)": "444708 kB",
          "Inactive(anon)": "280952 kB",
          "Active(file)": "865480 kB",
          "Inactive(file)": "1706676 kB",
          "Unevictable": "0 kB",
          "Mlocked": "0 kB",
          "SwapTotal": "2097148 kB",
          "SwapFree": "2096624 kB",
          "Dirty": "14320 kB",
          "Writeback": "0 kB",
          "AnonPages": "393092 kB",
          "Mapped": "276104 kB",
          "Shmem": "332520 kB",
          "Slab": "238140 kB",
          "SReclaimable": "207676 kB",
          "SUnreclaim": "30464 kB",
          "KernelStack": "2716 kB",
          "PageTables": "7180 kB",
          "NFS_Unstable": "0 kB",
          "Bounce": "0 kB",
          "WritebackTmp": "0 kB",
          "CommitLimit": "3989500 kB",
          "Committed_AS": "1214252 kB",
          "VmallocTotal": "34359738367 kB",
          "VmallocUsed": "0 kB",
          "VmallocChunk": "0 kB",
          "HardwareCorrupted": "0 kB",
          "AnonHugePages": "219136 kB",
          "ShmemHugePages": "0 kB",
          "ShmemPmdMapped": "0 kB",
          "HugePages_Total": "0",
          "HugePages_Free": "0",
          "HugePages_Rsvd": "0",
          "HugePages_Surp": "0",
          "Hugepagesize": "2048 kB",
          "DirectMap4k": "102388 kB",
          "DirectMap2M": "2781184 kB",
          "DirectMap1G": "1048576 kB",
          "raw": "MemTotal:        3784708 kB\nMemFree:          208616 kB\nMemAvailable:    2701016 kB\nBuffers:           75844 kB\nCached:          2828772 kB\nSwapCached:            4 kB\nActive:          1310188 kB\nInactive:        1987628 kB\nActive(anon):     444708 kB\nInactive(anon):   280952 kB\nActive(file):     865480 kB\nInactive(file):  1706676 kB\nUnevictable:           0 kB\nMlocked:               0 kB\nSwapTotal:       2097148 kB\nSwapFree:        2096624 kB\nDirty:             14320 kB\nWriteback:             0 kB\nAnonPages:        393092 kB\nMapped:           276104 kB\nShmem:            332520 kB\nSlab:             238140 kB\nSReclaimable:     207676 kB\nSUnreclaim:        30464 kB\nKernelStack:        2716 kB\nPageTables:         7180 kB\nNFS_Unstable:          0 kB\nBounce:                0 kB\nWritebackTmp:          0 kB\nCommitLimit:     3989500 kB\nCommitted_AS:    1214252 kB\nVmallocTotal:   34359738367 kB\nVmallocUsed:           0 kB\nVmallocChunk:          0 kB\nHardwareCorrupted:     0 kB\nAnonHugePages:    219136 kB\nShmemHugePages:        0 kB\nShmemPmdMapped:        0 kB\nHugePages_Total:       0\nHugePages_Free:        0\nHugePages_Rsvd:        0\nHugePages_Surp:        0\nHugepagesize:       2048 kB\nDirectMap4k:      102388 kB\nDirectMap2M:     2781184 kB\nDirectMap1G:     1048576 kB"
        },
        "system": {
          "cmd2check": "uname -a",
          "raw": "Linux runner-fa6cab46-project-9951336-concurrent-0 4.14.48-coreos-r2 #1 SMP Thu Jun 14 08:23:03 UTC 2018 x86_64 x86_64 x86_64 GNU/Linux"
        },
        "disk": {
          "cmd2check": "df -T",
          "raw": "Filesystem     Type     Size  Used Avail Use% Mounted on\noverlay        overlay   22G  7.6G   14G  37% /\ntmpfs          tmpfs     64M     0   64M   0% /dev\ntmpfs          tmpfs    1.9G     0  1.9G   0% /sys/fs/cgroup\n/dev/sda9      ext4      22G  7.6G   14G  37% /builds/postgres-ai-team\nshm            tmpfs     64M  8.0K   64M   1% /dev/shm"
        },
        "virtualization": {
          "cmd2check": "hostnamectl status",
          "": "",
          "raw": ""
        }
      },
      "nodes.json": {
        "hosts": {
          "runner-fa6cab46-project-9951336-concurrent-0": {
            "internal_alias": "node1",
            "index": "1",
            "role": "master",
            "role_change_detected_at": "never"
          }
        },
        "last_check": {
          "epoch": "1",
          "timestamptz": "2019-02-20 06:14:11.0+0000",
          "dir": "1_2019_02_20T06_13_31_+0000"
        }
      }
    }
  }
}
