# A001 System Information #

## Observations ##
Data collected: 2019-08-02 08:50:12 +0000 UTC  

 
### Operating System by hosts ###

| Host| Operating System | Kernel |
|-----|------------------|--------|
|postgres.test3.node|Linux|4.19.23-coreos-r1|
|postgres.test1.node|Linux|4.19.23-coreos-r1|
|postgres.test2.node|Linux|4.19.23-coreos-r1|






### Master (`postgres.test3.node`) ###

**System**

```
Linux runner-ed2dce3a-project-9951336-concurrent-0 4.19.23-coreos-r1 #1 SMP Mon Feb 25 23:40:01 -00 2019 x86_64 x86_64 x86_64 GNU/Linux
```


**CPU**

```
Architecture:          x86_64
CPU op-mode(s):        32-bit, 64-bit
Byte Order:            Little Endian
CPU(s):                1
On-line CPU(s) list:   0
Thread(s) per core:    1
Core(s) per socket:    1
Socket(s):             1
NUMA node(s):          1
Vendor ID:             GenuineIntel
CPU family:            6
Model:                 63
Model name:            Intel(R) Xeon(R) CPU @ 2.30GHz
Stepping:              0
CPU MHz:               2300.000
BogoMIPS:              4600.00
Hypervisor vendor:     KVM
Virtualization type:   full
L1d cache:             32K
L1i cache:             32K
L2 cache:              256K
L3 cache:              46080K
NUMA node0 CPU(s):     0
Flags:                 fpu vme de pse tsc msr pae mce cx8 apic sep mtrr pge mca cmov pat pse36 clflush mmx fxsr sse sse2 ss ht syscall nx pdpe1gb rdtscp lm constant_tsc rep_good nopl xtopology nonstop_tsc cpuid tsc_known_freq pni pclmulqdq ssse3 fma cx16 pcid sse4_1 sse4_2 x2apic movbe popcnt aes xsave avx f16c rdrand hypervisor lahf_lm abm invpcid_single pti ssbd ibrs ibpb stibp fsgsbase tsc_adjust bmi1 avx2 smep bmi2 erms invpcid xsaveopt arat arch_capabilities
```


**Memory**

```
MemTotal:        3783504 kB
MemFree:          212252 kB
MemAvailable:    2625636 kB
Buffers:           83804 kB
Cached:          2857088 kB
SwapCached:          256 kB
Active:          1402376 kB
Inactive:        1957500 kB
Active(anon):     439448 kB
Inactive(anon):   356664 kB
Active(file):     962928 kB
Inactive(file):  1600836 kB
Unevictable:           0 kB
Mlocked:               0 kB
SwapTotal:       2097148 kB
SwapFree:        2093052 kB
Dirty:             20680 kB
Writeback:             0 kB
AnonPages:        418888 kB
Mapped:           305956 kB
Shmem:            378348 kB
Slab:             135164 kB
SReclaimable:     105540 kB
SUnreclaim:        29624 kB
KernelStack:        3088 kB
PageTables:        11012 kB
NFS_Unstable:          0 kB
Bounce:                0 kB
WritebackTmp:          0 kB
CommitLimit:     3988900 kB
Committed_AS:    1892076 kB
VmallocTotal:   34359738367 kB
VmallocUsed:           0 kB
VmallocChunk:          0 kB
Percpu:              452 kB
HardwareCorrupted:     0 kB
AnonHugePages:    118784 kB
ShmemHugePages:        0 kB
ShmemPmdMapped:        0 kB
HugePages_Total:       0
HugePages_Free:        0
HugePages_Rsvd:        0
HugePages_Surp:        0
Hugepagesize:       2048 kB
Hugetlb:               0 kB
DirectMap4k:       88052 kB
DirectMap2M:     3844096 kB
DirectMap1G:           0 kB
```







### Replica servers: ###
    
#### Replica (`postgres.test1.node`) ####
        

**System**

```
Linux runner-ed2dce3a-project-9951336-concurrent-0 4.19.23-coreos-r1 #1 SMP Mon Feb 25 23:40:01 -00 2019 x86_64 x86_64 x86_64 GNU/Linux
```


**CPU**

```
Architecture:          x86_64
CPU op-mode(s):        32-bit, 64-bit
Byte Order:            Little Endian
CPU(s):                1
On-line CPU(s) list:   0
Thread(s) per core:    1
Core(s) per socket:    1
Socket(s):             1
NUMA node(s):          1
Vendor ID:             GenuineIntel
CPU family:            6
Model:                 63
Model name:            Intel(R) Xeon(R) CPU @ 2.30GHz
Stepping:              0
CPU MHz:               2300.000
BogoMIPS:              4600.00
Hypervisor vendor:     KVM
Virtualization type:   full
L1d cache:             32K
L1i cache:             32K
L2 cache:              256K
L3 cache:              46080K
NUMA node0 CPU(s):     0
Flags:                 fpu vme de pse tsc msr pae mce cx8 apic sep mtrr pge mca cmov pat pse36 clflush mmx fxsr sse sse2 ss ht syscall nx pdpe1gb rdtscp lm constant_tsc rep_good nopl xtopology nonstop_tsc cpuid tsc_known_freq pni pclmulqdq ssse3 fma cx16 pcid sse4_1 sse4_2 x2apic movbe popcnt aes xsave avx f16c rdrand hypervisor lahf_lm abm invpcid_single pti ssbd ibrs ibpb stibp fsgsbase tsc_adjust bmi1 avx2 smep bmi2 erms invpcid xsaveopt arat arch_capabilities
```


**Memory**

```
MemTotal:        3783504 kB
MemFree:          222828 kB
MemAvailable:    2627412 kB
Buffers:           83764 kB
Cached:          2849008 kB
SwapCached:          256 kB
Active:          1396576 kB
Inactive:        1955036 kB
Active(anon):     436240 kB
Inactive(anon):   357844 kB
Active(file):     960336 kB
Inactive(file):  1597192 kB
Unevictable:           0 kB
Mlocked:               0 kB
SwapTotal:       2097148 kB
SwapFree:        2093052 kB
Dirty:              7920 kB
Writeback:             0 kB
AnonPages:        418740 kB
Mapped:           305908 kB
Shmem:            376460 kB
Slab:             130140 kB
SReclaimable:     100452 kB
SUnreclaim:        29688 kB
KernelStack:        3120 kB
PageTables:        10980 kB
NFS_Unstable:          0 kB
Bounce:                0 kB
WritebackTmp:          0 kB
CommitLimit:     3988900 kB
Committed_AS:    1891212 kB
VmallocTotal:   34359738367 kB
VmallocUsed:           0 kB
VmallocChunk:          0 kB
Percpu:              452 kB
HardwareCorrupted:     0 kB
AnonHugePages:    118784 kB
ShmemHugePages:        0 kB
ShmemPmdMapped:        0 kB
HugePages_Total:       0
HugePages_Free:        0
HugePages_Rsvd:        0
HugePages_Surp:        0
Hugepagesize:       2048 kB
Hugetlb:               0 kB
DirectMap4k:       88052 kB
DirectMap2M:     3844096 kB
DirectMap1G:           0 kB
```


        
#### Replica (`postgres.test2.node`) ####
        

**System**

```
Linux runner-ed2dce3a-project-9951336-concurrent-0 4.19.23-coreos-r1 #1 SMP Mon Feb 25 23:40:01 -00 2019 x86_64 x86_64 x86_64 GNU/Linux
```


**CPU**

```
Architecture:          x86_64
CPU op-mode(s):        32-bit, 64-bit
Byte Order:            Little Endian
CPU(s):                1
On-line CPU(s) list:   0
Thread(s) per core:    1
Core(s) per socket:    1
Socket(s):             1
NUMA node(s):          1
Vendor ID:             GenuineIntel
CPU family:            6
Model:                 63
Model name:            Intel(R) Xeon(R) CPU @ 2.30GHz
Stepping:              0
CPU MHz:               2300.000
BogoMIPS:              4600.00
Hypervisor vendor:     KVM
Virtualization type:   full
L1d cache:             32K
L1i cache:             32K
L2 cache:              256K
L3 cache:              46080K
NUMA node0 CPU(s):     0
Flags:                 fpu vme de pse tsc msr pae mce cx8 apic sep mtrr pge mca cmov pat pse36 clflush mmx fxsr sse sse2 ss ht syscall nx pdpe1gb rdtscp lm constant_tsc rep_good nopl xtopology nonstop_tsc cpuid tsc_known_freq pni pclmulqdq ssse3 fma cx16 pcid sse4_1 sse4_2 x2apic movbe popcnt aes xsave avx f16c rdrand hypervisor lahf_lm abm invpcid_single pti ssbd ibrs ibpb stibp fsgsbase tsc_adjust bmi1 avx2 smep bmi2 erms invpcid xsaveopt arat arch_capabilities
```


**Memory**

```
MemTotal:        3783504 kB
MemFree:          215852 kB
MemAvailable:    2626132 kB
Buffers:           83788 kB
Cached:          2854160 kB
SwapCached:          256 kB
Active:          1400172 kB
Inactive:        1956652 kB
Active(anon):     437948 kB
Inactive(anon):   357112 kB
Active(file):     962224 kB
Inactive(file):  1599540 kB
Unevictable:           0 kB
Mlocked:               0 kB
SwapTotal:       2097148 kB
SwapFree:        2093052 kB
Dirty:             21200 kB
Writeback:             0 kB
AnonPages:        418792 kB
Mapped:           305872 kB
Shmem:            377404 kB
Slab:             132956 kB
SReclaimable:     103332 kB
SUnreclaim:        29624 kB
KernelStack:        3088 kB
PageTables:        10972 kB
NFS_Unstable:          0 kB
Bounce:                0 kB
WritebackTmp:          0 kB
CommitLimit:     3988900 kB
Committed_AS:    1891960 kB
VmallocTotal:   34359738367 kB
VmallocUsed:           0 kB
VmallocChunk:          0 kB
Percpu:              452 kB
HardwareCorrupted:     0 kB
AnonHugePages:    118784 kB
ShmemHugePages:        0 kB
ShmemPmdMapped:        0 kB
HugePages_Total:       0
HugePages_Free:        0
HugePages_Rsvd:        0
HugePages_Surp:        0
Hugepagesize:       2048 kB
Hugetlb:               0 kB
DirectMap4k:       88052 kB
DirectMap2M:     3844096 kB
DirectMap1G:           0 kB
```


        

## Conclusions ##


## Recommendations ##
