# A001 System information #

## Observations ##
Data collected: 2019-03-14 19:14:28 +0000 UTC  






### Master (`runner-fa6cab46-project-9951336-concurrent-0`) ###

**System**

```
Linux runner-fa6cab46-project-9951336-concurrent-0 4.19.23-coreos-r1 #1 SMP Mon Feb 25 23:40:01 -00 2019 x86_64 x86_64 x86_64 GNU/Linux
```


**CPU**

```
Architecture:          x86_64
CPU op-mode(s):        32-bit, 64-bit
Byte Order:            Little Endian
CPU(s):                1
On-line CPU(s) list:   0
Thread(s) per core:    1
Core(s) per socket:    1
Socket(s):             1
NUMA node(s):          1
Vendor ID:             GenuineIntel
CPU family:            6
Model:                 63
Model name:            Intel(R) Xeon(R) CPU @ 2.30GHz
Stepping:              0
CPU MHz:               2300.000
BogoMIPS:              4600.00
Hypervisor vendor:     KVM
Virtualization type:   full
L1d cache:             32K
L1i cache:             32K
L2 cache:              256K
L3 cache:              46080K
NUMA node0 CPU(s):     0
Flags:                 fpu vme de pse tsc msr pae mce cx8 apic sep mtrr pge mca cmov pat pse36 clflush mmx fxsr sse sse2 ss ht syscall nx pdpe1gb rdtscp lm constant_tsc rep_good nopl xtopology nonstop_tsc cpuid tsc_known_freq pni pclmulqdq ssse3 fma cx16 pcid sse4_1 sse4_2 x2apic movbe popcnt aes xsave avx f16c rdrand hypervisor lahf_lm abm invpcid_single pti ssbd ibrs ibpb stibp fsgsbase tsc_adjust bmi1 avx2 smep bmi2 erms invpcid xsaveopt arat arch_capabilities
```


**Memory**

```
MemTotal:        3783504 kB
MemFree:          199156 kB
MemAvailable:    2677212 kB
Buffers:           81956 kB
Cached:          2895132 kB
SwapCached:           96 kB
Active:          1332676 kB
Inactive:        2050640 kB
Active(anon):     463824 kB
Inactive(anon):   290156 kB
Active(file):     868852 kB
Inactive(file):  1760484 kB
Unevictable:           0 kB
Mlocked:               0 kB
SwapTotal:       2097148 kB
SwapFree:        2095344 kB
Dirty:             13828 kB
Writeback:             0 kB
AnonPages:        406188 kB
Mapped:           278280 kB
Shmem:            347756 kB
Slab:             132376 kB
SReclaimable:     103784 kB
SUnreclaim:        28592 kB
KernelStack:        2832 kB
PageTables:         7700 kB
NFS_Unstable:          0 kB
Bounce:                0 kB
WritebackTmp:          0 kB
CommitLimit:     3988900 kB
Committed_AS:    1467040 kB
VmallocTotal:   34359738367 kB
VmallocUsed:           0 kB
VmallocChunk:          0 kB
Percpu:              440 kB
HardwareCorrupted:     0 kB
AnonHugePages:    126976 kB
ShmemHugePages:        0 kB
ShmemPmdMapped:        0 kB
HugePages_Total:       0
HugePages_Free:        0
HugePages_Rsvd:        0
HugePages_Surp:        0
Hugepagesize:       2048 kB
Hugetlb:               0 kB
DirectMap4k:       86004 kB
DirectMap2M:     3846144 kB
DirectMap1G:           0 kB
```








## Conclusions ##


## Recommendations ##
