# A001 System Information #

## Observations ##
Data collected: 2019-05-27 12:37:51 +0000 UTC  






### Master (`runner-fa6cab46-project-9951336-concurrent-0`) ###

**System**

```
Linux runner-fa6cab46-project-9951336-concurrent-0 4.19.23-coreos-r1 #1 SMP Mon Feb 25 23:40:01 -00 2019 x86_64 x86_64 x86_64 GNU/Linux
```


**CPU**

```
Architecture:          x86_64
CPU op-mode(s):        32-bit, 64-bit
Byte Order:            Little Endian
CPU(s):                1
On-line CPU(s) list:   0
Thread(s) per core:    1
Core(s) per socket:    1
Socket(s):             1
NUMA node(s):          1
Vendor ID:             GenuineIntel
CPU family:            6
Model:                 63
Model name:            Intel(R) Xeon(R) CPU @ 2.30GHz
Stepping:              0
CPU MHz:               2300.000
BogoMIPS:              4600.00
Hypervisor vendor:     KVM
Virtualization type:   full
L1d cache:             32K
L1i cache:             32K
L2 cache:              256K
L3 cache:              46080K
NUMA node0 CPU(s):     0
Flags:                 fpu vme de pse tsc msr pae mce cx8 apic sep mtrr pge mca cmov pat pse36 clflush mmx fxsr sse sse2 ss ht syscall nx pdpe1gb rdtscp lm constant_tsc rep_good nopl xtopology nonstop_tsc cpuid tsc_known_freq pni pclmulqdq ssse3 fma cx16 pcid sse4_1 sse4_2 x2apic movbe popcnt aes xsave avx f16c rdrand hypervisor lahf_lm abm invpcid_single pti ssbd ibrs ibpb stibp fsgsbase tsc_adjust bmi1 avx2 smep bmi2 erms invpcid xsaveopt arat arch_capabilities
```


**Memory**

```
MemTotal:        3783504 kB
MemFree:          201948 kB
MemAvailable:    2655996 kB
Buffers:           75032 kB
Cached:          2876764 kB
SwapCached:          248 kB
Active:          1340396 kB
Inactive:        2029468 kB
Active(anon):     433136 kB
Inactive(anon):   332820 kB
Active(file):     907260 kB
Inactive(file):  1696648 kB
Unevictable:           0 kB
Mlocked:               0 kB
SwapTotal:       2097148 kB
SwapFree:        2093808 kB
Dirty:             21016 kB
Writeback:             0 kB
AnonPages:        417976 kB
Mapped:           273488 kB
Shmem:            347892 kB
Slab:             136016 kB
SReclaimable:     106588 kB
SUnreclaim:        29428 kB
KernelStack:        2912 kB
PageTables:         8068 kB
NFS_Unstable:          0 kB
Bounce:                0 kB
WritebackTmp:          0 kB
CommitLimit:     3988900 kB
Committed_AS:    1525288 kB
VmallocTotal:   34359738367 kB
VmallocUsed:           0 kB
VmallocChunk:          0 kB
Percpu:              452 kB
HardwareCorrupted:     0 kB
AnonHugePages:    133120 kB
ShmemHugePages:        0 kB
ShmemPmdMapped:        0 kB
HugePages_Total:       0
HugePages_Free:        0
HugePages_Rsvd:        0
HugePages_Surp:        0
Hugepagesize:       2048 kB
Hugetlb:               0 kB
DirectMap4k:       94196 kB
DirectMap2M:     2789376 kB
DirectMap1G:     1048576 kB
```








## Conclusions ##


## Recommendations ##
