{
  "project": "test",
  "name": "system_info",
  "checkId": "A001",
  "timestamptz": "2019-06-10 13:51:17.0+0000",
  "dependencies": {
    "null": "null"
  },
  "last_nodes_json": {
    "hosts": {
      "runner-fa6cab46-project-9951336-concurrent-0": {
        "internal_alias": "node1",
        "index": "1",
        "role": "master",
        "role_change_detected_at": "never"
      }
    },
    "last_check": {
      "epoch": "1",
      "timestamptz": "2019-06-10 13:51:17.0+0000",
      "dir": "1_2019_06_10T13_50_59_+0000"
    }
  },
  "database": "dbname",
  "results": {
    "runner-fa6cab46-project-9951336-concurrent-0": {
      "data": {
        "cpu": {
          "cmd2check": "lscpu",
          "Architecture": "x86_64",
          "CPU op-mode(s)": "32-bit, 64-bit",
          "Byte Order": "Little Endian",
          "CPU(s)": "1",
          "On-line CPU(s) list": "0",
          "Thread(s) per core": "1",
          "Core(s) per socket": "1",
          "Socket(s)": "1",
          "NUMA node(s)": "1",
          "Vendor ID": "GenuineIntel",
          "CPU family": "6",
          "Model": "63",
          "Model name": "Intel(R) Xeon(R) CPU @ 2.30GHz",
          "Stepping": "0",
          "CPU MHz": "2300.000",
          "BogoMIPS": "4600.00",
          "Hypervisor vendor": "KVM",
          "Virtualization type": "full",
          "L1d cache": "32K",
          "L1i cache": "32K",
          "L2 cache": "256K",
          "L3 cache": "46080K",
          "NUMA node0 CPU(s)": "0",
          "Flags": "fpu vme de pse tsc msr pae mce cx8 apic sep mtrr pge mca cmov pat pse36 clflush mmx fxsr sse sse2 ss ht syscall nx pdpe1gb rdtscp lm constant_tsc rep_good nopl xtopology nonstop_tsc cpuid tsc_known_freq pni pclmulqdq ssse3 fma cx16 pcid sse4_1 sse4_2 x2apic movbe popcnt aes xsave avx f16c rdrand hypervisor lahf_lm abm invpcid_single pti ssbd ibrs ibpb stibp fsgsbase tsc_adjust bmi1 avx2 smep bmi2 erms invpcid xsaveopt arat arch_capabilities",
          "raw": "Architecture:          x86_64\nCPU op-mode(s):        32-bit, 64-bit\nByte Order:            Little Endian\nCPU(s):                1\nOn-line CPU(s) list:   0\nThread(s) per core:    1\nCore(s) per socket:    1\nSocket(s):             1\nNUMA node(s):          1\nVendor ID:             GenuineIntel\nCPU family:            6\nModel:                 63\nModel name:            Intel(R) Xeon(R) CPU @ 2.30GHz\nStepping:              0\nCPU MHz:               2300.000\nBogoMIPS:              4600.00\nHypervisor vendor:     KVM\nVirtualization type:   full\nL1d cache:             32K\nL1i cache:             32K\nL2 cache:              256K\nL3 cache:              46080K\nNUMA node0 CPU(s):     0\nFlags:                 fpu vme de pse tsc msr pae mce cx8 apic sep mtrr pge mca cmov pat pse36 clflush mmx fxsr sse sse2 ss ht syscall nx pdpe1gb rdtscp lm constant_tsc rep_good nopl xtopology nonstop_tsc cpuid tsc_known_freq pni pclmulqdq ssse3 fma cx16 pcid sse4_1 sse4_2 x2apic movbe popcnt aes xsave avx f16c rdrand hypervisor lahf_lm abm invpcid_single pti ssbd ibrs ibpb stibp fsgsbase tsc_adjust bmi1 avx2 smep bmi2 erms invpcid xsaveopt arat arch_capabilities"
        },
        "ram": {
          "cmd2check": "cat /proc/meminfo",
          "MemTotal": "3783520 kB",
          "MemFree": "213136 kB",
          "MemAvailable": "2666756 kB",
          "Buffers": "83612 kB",
          "Cached": "2866668 kB",
          "SwapCached": "188 kB",
          "Active": "1366936 kB",
          "Inactive": "1995000 kB",
          "Active(anon)": "435344 kB",
          "Inactive(anon)": "324124 kB",
          "Active(file)": "931592 kB",
          "Inactive(file)": "1670876 kB",
          "Unevictable": "0 kB",
          "Mlocked": "0 kB",
          "SwapTotal": "2097148 kB",
          "SwapFree": "2094320 kB",
          "Dirty": "32292 kB",
          "Writeback": "0 kB",
          "AnonPages": "410184 kB",
          "Mapped": "284840 kB",
          "Shmem": "347816 kB",
          "Slab": "137004 kB",
          "SReclaimable": "108108 kB",
          "SUnreclaim": "28896 kB",
          "KernelStack": "3004 kB",
          "PageTables": "8000 kB",
          "NFS_Unstable": "0 kB",
          "Bounce": "0 kB",
          "WritebackTmp": "0 kB",
          "CommitLimit": "3988908 kB",
          "Committed_AS": "1491640 kB",
          "VmallocTotal": "34359738367 kB",
          "VmallocUsed": "0 kB",
          "VmallocChunk": "0 kB",
          "Percpu": "440 kB",
          "HardwareCorrupted": "0 kB",
          "AnonHugePages": "108544 kB",
          "ShmemHugePages": "0 kB",
          "ShmemPmdMapped": "0 kB",
          "HugePages_Total": "0",
          "HugePages_Free": "0",
          "HugePages_Rsvd": "0",
          "HugePages_Surp": "0",
          "Hugepagesize": "2048 kB",
          "Hugetlb": "0 kB",
          "DirectMap4k": "94196 kB",
          "DirectMap2M": "2789376 kB",
          "DirectMap1G": "1048576 kB",
          "raw": "MemTotal:        3783520 kB\nMemFree:          213136 kB\nMemAvailable:    2666756 kB\nBuffers:           83612 kB\nCached:          2866668 kB\nSwapCached:          188 kB\nActive:          1366936 kB\nInactive:        1995000 kB\nActive(anon):     435344 kB\nInactive(anon):   324124 kB\nActive(file):     931592 kB\nInactive(file):  1670876 kB\nUnevictable:           0 kB\nMlocked:               0 kB\nSwapTotal:       2097148 kB\nSwapFree:        2094320 kB\nDirty:             32292 kB\nWriteback:             0 kB\nAnonPages:        410184 kB\nMapped:           284840 kB\nShmem:            347816 kB\nSlab:             137004 kB\nSReclaimable:     108108 kB\nSUnreclaim:        28896 kB\nKernelStack:        3004 kB\nPageTables:         8000 kB\nNFS_Unstable:          0 kB\nBounce:                0 kB\nWritebackTmp:          0 kB\nCommitLimit:     3988908 kB\nCommitted_AS:    1491640 kB\nVmallocTotal:   34359738367 kB\nVmallocUsed:           0 kB\nVmallocChunk:          0 kB\nPercpu:              440 kB\nHardwareCorrupted:     0 kB\nAnonHugePages:    108544 kB\nShmemHugePages:        0 kB\nShmemPmdMapped:        0 kB\nHugePages_Total:       0\nHugePages_Free:        0\nHugePages_Rsvd:        0\nHugePages_Surp:        0\nHugepagesize:       2048 kB\nHugetlb:               0 kB\nDirectMap4k:       94196 kB\nDirectMap2M:     2789376 kB\nDirectMap1G:     1048576 kB"
        },
        "system": {
          "cmd2check": "uname -a",
          "raw": "Linux runner-fa6cab46-project-9951336-concurrent-0 4.19.23-coreos-r1 #1 SMP Mon Feb 25 23:40:01 -00 2019 x86_64 x86_64 x86_64 GNU/Linux"
        },
        "virtualization": {
          "cmd2check": "hostnamectl status",
          "": "",
          "raw": ""
        }
      },
      "nodes.json": {
        "hosts": {
          "runner-fa6cab46-project-9951336-concurrent-0": {
            "internal_alias": "node1",
            "index": "1",
            "role": "master",
            "role_change_detected_at": "never"
          }
        },
        "last_check": {
          "epoch": "1",
          "timestamptz": "2019-06-10 13:51:17.0+0000",
          "dir": "1_2019_06_10T13_50_59_+0000"
        }
      }
    }
  }
}
