# A001 System Information #

## Observations ##
Data collected: 2019-07-23 07:29:02 +0000 UTC  

 
### Operating System by hosts ###

| Host| Operating System | Kernel |
|-----|------------------|--------|
|postgres.test3.node|Linux|4.19.23-coreos-r1|
|postgres.test1.node|Linux|4.19.23-coreos-r1|
|postgres.test2.node|Linux|4.19.23-coreos-r1|






### Master (`postgres.test3.node`) ###

**System**

```
Linux runner-fa6cab46-project-9951336-concurrent-0 4.19.23-coreos-r1 #1 SMP Mon Feb 25 23:40:01 -00 2019 x86_64 x86_64 x86_64 GNU/Linux
```


**CPU**

```
Architecture:          x86_64
CPU op-mode(s):        32-bit, 64-bit
Byte Order:            Little Endian
CPU(s):                1
On-line CPU(s) list:   0
Thread(s) per core:    1
Core(s) per socket:    1
Socket(s):             1
NUMA node(s):          1
Vendor ID:             GenuineIntel
CPU family:            6
Model:                 63
Model name:            Intel(R) Xeon(R) CPU @ 2.30GHz
Stepping:              0
CPU MHz:               2300.000
BogoMIPS:              4600.00
Hypervisor vendor:     KVM
Virtualization type:   full
L1d cache:             32K
L1i cache:             32K
L2 cache:              256K
L3 cache:              46080K
NUMA node0 CPU(s):     0
Flags:                 fpu vme de pse tsc msr pae mce cx8 apic sep mtrr pge mca cmov pat pse36 clflush mmx fxsr sse sse2 ss ht syscall nx pdpe1gb rdtscp lm constant_tsc rep_good nopl xtopology nonstop_tsc cpuid tsc_known_freq pni pclmulqdq ssse3 fma cx16 pcid sse4_1 sse4_2 x2apic movbe popcnt aes xsave avx f16c rdrand hypervisor lahf_lm abm invpcid_single pti ssbd ibrs ibpb stibp fsgsbase tsc_adjust bmi1 avx2 smep bmi2 erms invpcid xsaveopt arat arch_capabilities
```


**Memory**

```
MemTotal:        3783520 kB
MemFree:          228660 kB
MemAvailable:    2634724 kB
Buffers:           87640 kB
Cached:          2845976 kB
SwapCached:          312 kB
Active:          1398660 kB
Inactive:        1949380 kB
Active(anon):     437652 kB
Inactive(anon):   353972 kB
Active(file):     961008 kB
Inactive(file):  1595408 kB
Unevictable:           0 kB
Mlocked:               0 kB
SwapTotal:       2097148 kB
SwapFree:        2092272 kB
Dirty:              6680 kB
Writeback:             0 kB
AnonPages:        414276 kB
Mapped:           306092 kB
Shmem:            378340 kB
Slab:             134372 kB
SReclaimable:     105112 kB
SUnreclaim:        29260 kB
KernelStack:        3088 kB
PageTables:        11144 kB
NFS_Unstable:          0 kB
Bounce:                0 kB
WritebackTmp:          0 kB
CommitLimit:     3988908 kB
Committed_AS:    1875012 kB
VmallocTotal:   34359738367 kB
VmallocUsed:           0 kB
VmallocChunk:          0 kB
Percpu:              440 kB
HardwareCorrupted:     0 kB
AnonHugePages:    116736 kB
ShmemHugePages:        0 kB
ShmemPmdMapped:        0 kB
HugePages_Total:       0
HugePages_Free:        0
HugePages_Rsvd:        0
HugePages_Surp:        0
Hugepagesize:       2048 kB
Hugetlb:               0 kB
DirectMap4k:       86004 kB
DirectMap2M:     2797568 kB
DirectMap1G:     1048576 kB
```







### Replica servers: ###
    
#### Replica (`postgres.test1.node`) ####
        

**System**

```
Linux runner-fa6cab46-project-9951336-concurrent-0 4.19.23-coreos-r1 #1 SMP Mon Feb 25 23:40:01 -00 2019 x86_64 x86_64 x86_64 GNU/Linux
```


**CPU**

```
Architecture:          x86_64
CPU op-mode(s):        32-bit, 64-bit
Byte Order:            Little Endian
CPU(s):                1
On-line CPU(s) list:   0
Thread(s) per core:    1
Core(s) per socket:    1
Socket(s):             1
NUMA node(s):          1
Vendor ID:             GenuineIntel
CPU family:            6
Model:                 63
Model name:            Intel(R) Xeon(R) CPU @ 2.30GHz
Stepping:              0
CPU MHz:               2300.000
BogoMIPS:              4600.00
Hypervisor vendor:     KVM
Virtualization type:   full
L1d cache:             32K
L1i cache:             32K
L2 cache:              256K
L3 cache:              46080K
NUMA node0 CPU(s):     0
Flags:                 fpu vme de pse tsc msr pae mce cx8 apic sep mtrr pge mca cmov pat pse36 clflush mmx fxsr sse sse2 ss ht syscall nx pdpe1gb rdtscp lm constant_tsc rep_good nopl xtopology nonstop_tsc cpuid tsc_known_freq pni pclmulqdq ssse3 fma cx16 pcid sse4_1 sse4_2 x2apic movbe popcnt aes xsave avx f16c rdrand hypervisor lahf_lm abm invpcid_single pti ssbd ibrs ibpb stibp fsgsbase tsc_adjust bmi1 avx2 smep bmi2 erms invpcid xsaveopt arat arch_capabilities
```


**Memory**

```
MemTotal:        3783520 kB
MemFree:          212452 kB
MemAvailable:    2635832 kB
Buffers:           87500 kB
Cached:          2864880 kB
SwapCached:          176 kB
Active:          1397052 kB
Inactive:        1969488 kB
Active(anon):     437264 kB
Inactive(anon):   353348 kB
Active(file):     959788 kB
Inactive(file):  1616140 kB
Unevictable:           0 kB
Mlocked:               0 kB
SwapTotal:       2097148 kB
SwapFree:        2092272 kB
Dirty:              7964 kB
Writeback:             0 kB
AnonPages:        414084 kB
Mapped:           306080 kB
Shmem:            376452 kB
Slab:             130160 kB
SReclaimable:     100740 kB
SUnreclaim:        29420 kB
KernelStack:        3184 kB
PageTables:        11072 kB
NFS_Unstable:          0 kB
Bounce:                0 kB
WritebackTmp:          0 kB
CommitLimit:     3988908 kB
Committed_AS:    1874764 kB
VmallocTotal:   34359738367 kB
VmallocUsed:           0 kB
VmallocChunk:          0 kB
Percpu:              440 kB
HardwareCorrupted:     0 kB
AnonHugePages:    118784 kB
ShmemHugePages:        0 kB
ShmemPmdMapped:        0 kB
HugePages_Total:       0
HugePages_Free:        0
HugePages_Rsvd:        0
HugePages_Surp:        0
Hugepagesize:       2048 kB
Hugetlb:               0 kB
DirectMap4k:       86004 kB
DirectMap2M:     2797568 kB
DirectMap1G:     1048576 kB
```


        
#### Replica (`postgres.test2.node`) ####
        

**System**

```
Linux runner-fa6cab46-project-9951336-concurrent-0 4.19.23-coreos-r1 #1 SMP Mon Feb 25 23:40:01 -00 2019 x86_64 x86_64 x86_64 GNU/Linux
```


**CPU**

```
Architecture:          x86_64
CPU op-mode(s):        32-bit, 64-bit
Byte Order:            Little Endian
CPU(s):                1
On-line CPU(s) list:   0
Thread(s) per core:    1
Core(s) per socket:    1
Socket(s):             1
NUMA node(s):          1
Vendor ID:             GenuineIntel
CPU family:            6
Model:                 63
Model name:            Intel(R) Xeon(R) CPU @ 2.30GHz
Stepping:              0
CPU MHz:               2300.000
BogoMIPS:              4600.00
Hypervisor vendor:     KVM
Virtualization type:   full
L1d cache:             32K
L1i cache:             32K
L2 cache:              256K
L3 cache:              46080K
NUMA node0 CPU(s):     0
Flags:                 fpu vme de pse tsc msr pae mce cx8 apic sep mtrr pge mca cmov pat pse36 clflush mmx fxsr sse sse2 ss ht syscall nx pdpe1gb rdtscp lm constant_tsc rep_good nopl xtopology nonstop_tsc cpuid tsc_known_freq pni pclmulqdq ssse3 fma cx16 pcid sse4_1 sse4_2 x2apic movbe popcnt aes xsave avx f16c rdrand hypervisor lahf_lm abm invpcid_single pti ssbd ibrs ibpb stibp fsgsbase tsc_adjust bmi1 avx2 smep bmi2 erms invpcid xsaveopt arat arch_capabilities
```


**Memory**

```
MemTotal:        3783520 kB
MemFree:          204740 kB
MemAvailable:    2633820 kB
Buffers:           87644 kB
Cached:          2869632 kB
SwapCached:          268 kB
Active:          1400388 kB
Inactive:        1971284 kB
Active(anon):     438852 kB
Inactive(anon):   352936 kB
Active(file):     961536 kB
Inactive(file):  1618348 kB
Unevictable:           0 kB
Mlocked:               0 kB
SwapTotal:       2097148 kB
SwapFree:        2092272 kB
Dirty:              9936 kB
Writeback:             0 kB
AnonPages:        414288 kB
Mapped:           306172 kB
Shmem:            377396 kB
Slab:             133596 kB
SReclaimable:     104200 kB
SUnreclaim:        29396 kB
KernelStack:        3112 kB
PageTables:        11060 kB
NFS_Unstable:          0 kB
Bounce:                0 kB
WritebackTmp:          0 kB
CommitLimit:     3988908 kB
Committed_AS:    1874912 kB
VmallocTotal:   34359738367 kB
VmallocUsed:           0 kB
VmallocChunk:          0 kB
Percpu:              440 kB
HardwareCorrupted:     0 kB
AnonHugePages:    118784 kB
ShmemHugePages:        0 kB
ShmemPmdMapped:        0 kB
HugePages_Total:       0
HugePages_Free:        0
HugePages_Rsvd:        0
HugePages_Surp:        0
Hugepagesize:       2048 kB
Hugetlb:               0 kB
DirectMap4k:       86004 kB
DirectMap2M:     2797568 kB
DirectMap1G:     1048576 kB
```


        

## Conclusions ##


## Recommendations ##
