{
  "project": "test",
  "name": "system_info",
  "checkId": "A001",
  "timestamptz": "2019-02-26 05:15:24.0+0000",
  "dependencies": {
    "null": "null"
  },
  "last_nodes_json": {
    "hosts": {
      "runner-ed2dce3a-project-9951336-concurrent-0": {
        "internal_alias": "node1",
        "index": "1",
        "role": "master",
        "role_change_detected_at": "never"
      }
    },
    "last_check": {
      "epoch": "1",
      "timestamptz": "2019-02-26 05:15:24.0+0000",
      "dir": "1_2019_02_26T05_14_46_+0000"
    }
  },
  "database": "dbname",
  "results": {
    "runner-ed2dce3a-project-9951336-concurrent-0": {
      "data": {
        "cpu": {
          "cmd2check": "lscpu",
          "Architecture": "x86_64",
          "CPU op-mode(s)": "32-bit, 64-bit",
          "Byte Order": "Little Endian",
          "CPU(s)": "1",
          "On-line CPU(s) list": "0",
          "Thread(s) per core": "1",
          "Core(s) per socket": "1",
          "Socket(s)": "1",
          "NUMA node(s)": "1",
          "Vendor ID": "GenuineIntel",
          "CPU family": "6",
          "Model": "63",
          "Model name": "Intel(R) Xeon(R) CPU @ 2.30GHz",
          "Stepping": "0",
          "CPU MHz": "2300.000",
          "BogoMIPS": "4600.00",
          "Hypervisor vendor": "KVM",
          "Virtualization type": "full",
          "L1d cache": "32K",
          "L1i cache": "32K",
          "L2 cache": "256K",
          "L3 cache": "46080K",
          "NUMA node0 CPU(s)": "0",
          "Flags": "fpu vme de pse tsc msr pae mce cx8 apic sep mtrr pge mca cmov pat pse36 clflush mmx fxsr sse sse2 ss ht syscall nx pdpe1gb rdtscp lm constant_tsc rep_good nopl xtopology nonstop_tsc cpuid pni pclmulqdq ssse3 fma cx16 pcid sse4_1 sse4_2 x2apic movbe popcnt aes xsave avx f16c rdrand hypervisor lahf_lm abm invpcid_single pti ssbd ibrs ibpb stibp fsgsbase tsc_adjust bmi1 avx2 smep bmi2 erms invpcid xsaveopt arat arch_capabilities",
          "raw": "Architecture:          x86_64\nCPU op-mode(s):        32-bit, 64-bit\nByte Order:            Little Endian\nCPU(s):                1\nOn-line CPU(s) list:   0\nThread(s) per core:    1\nCore(s) per socket:    1\nSocket(s):             1\nNUMA node(s):          1\nVendor ID:             GenuineIntel\nCPU family:            6\nModel:                 63\nModel name:            Intel(R) Xeon(R) CPU @ 2.30GHz\nStepping:              0\nCPU MHz:               2300.000\nBogoMIPS:              4600.00\nHypervisor vendor:     KVM\nVirtualization type:   full\nL1d cache:             32K\nL1i cache:             32K\nL2 cache:              256K\nL3 cache:              46080K\nNUMA node0 CPU(s):     0\nFlags:                 fpu vme de pse tsc msr pae mce cx8 apic sep mtrr pge mca cmov pat pse36 clflush mmx fxsr sse sse2 ss ht syscall nx pdpe1gb rdtscp lm constant_tsc rep_good nopl xtopology nonstop_tsc cpuid pni pclmulqdq ssse3 fma cx16 pcid sse4_1 sse4_2 x2apic movbe popcnt aes xsave avx f16c rdrand hypervisor lahf_lm abm invpcid_single pti ssbd ibrs ibpb stibp fsgsbase tsc_adjust bmi1 avx2 smep bmi2 erms invpcid xsaveopt arat arch_capabilities"
        },
        "ram": {
          "cmd2check": "cat /proc/meminfo",
          "MemTotal": "3784708 kB",
          "MemFree": "193592 kB",
          "MemAvailable": "2701088 kB",
          "Buffers": "77604 kB",
          "Cached": "2840120 kB",
          "SwapCached": "0 kB",
          "Active": "1335636 kB",
          "Inactive": "1973948 kB",
          "Active(anon)": "455280 kB",
          "Inactive(anon)": "269040 kB",
          "Active(file)": "880356 kB",
          "Inactive(file)": "1704908 kB",
          "Unevictable": "0 kB",
          "Mlocked": "0 kB",
          "SwapTotal": "2097148 kB",
          "SwapFree": "2096624 kB",
          "Dirty": "14196 kB",
          "Writeback": "0 kB",
          "AnonPages": "391804 kB",
          "Mapped": "276004 kB",
          "Shmem": "332516 kB",
          "Slab": "240096 kB",
          "SReclaimable": "209664 kB",
          "SUnreclaim": "30432 kB",
          "KernelStack": "2720 kB",
          "PageTables": "7188 kB",
          "NFS_Unstable": "0 kB",
          "Bounce": "0 kB",
          "WritebackTmp": "0 kB",
          "CommitLimit": "3989500 kB",
          "Committed_AS": "1222012 kB",
          "VmallocTotal": "34359738367 kB",
          "VmallocUsed": "0 kB",
          "VmallocChunk": "0 kB",
          "HardwareCorrupted": "0 kB",
          "AnonHugePages": "215040 kB",
          "ShmemHugePages": "0 kB",
          "ShmemPmdMapped": "0 kB",
          "HugePages_Total": "0",
          "HugePages_Free": "0",
          "HugePages_Rsvd": "0",
          "HugePages_Surp": "0",
          "Hugepagesize": "2048 kB",
          "DirectMap4k": "98292 kB",
          "DirectMap2M": "2785280 kB",
          "DirectMap1G": "1048576 kB",
          "raw": "MemTotal:        3784708 kB\nMemFree:          193592 kB\nMemAvailable:    2701088 kB\nBuffers:           77604 kB\nCached:          2840120 kB\nSwapCached:            0 kB\nActive:          1335636 kB\nInactive:        1973948 kB\nActive(anon):     455280 kB\nInactive(anon):   269040 kB\nActive(file):     880356 kB\nInactive(file):  1704908 kB\nUnevictable:           0 kB\nMlocked:               0 kB\nSwapTotal:       2097148 kB\nSwapFree:        2096624 kB\nDirty:             14196 kB\nWriteback:             0 kB\nAnonPages:        391804 kB\nMapped:           276004 kB\nShmem:            332516 kB\nSlab:             240096 kB\nSReclaimable:     209664 kB\nSUnreclaim:        30432 kB\nKernelStack:        2720 kB\nPageTables:         7188 kB\nNFS_Unstable:          0 kB\nBounce:                0 kB\nWritebackTmp:          0 kB\nCommitLimit:     3989500 kB\nCommitted_AS:    1222012 kB\nVmallocTotal:   34359738367 kB\nVmallocUsed:           0 kB\nVmallocChunk:          0 kB\nHardwareCorrupted:     0 kB\nAnonHugePages:    215040 kB\nShmemHugePages:        0 kB\nShmemPmdMapped:        0 kB\nHugePages_Total:       0\nHugePages_Free:        0\nHugePages_Rsvd:        0\nHugePages_Surp:        0\nHugepagesize:       2048 kB\nDirectMap4k:       98292 kB\nDirectMap2M:     2785280 kB\nDirectMap1G:     1048576 kB"
        },
        "system": {
          "cmd2check": "uname -a",
          "raw": "Linux runner-ed2dce3a-project-9951336-concurrent-0 4.14.48-coreos-r2 #1 SMP Thu Jun 14 08:23:03 UTC 2018 x86_64 x86_64 x86_64 GNU/Linux"
        },
        "virtualization": {
          "cmd2check": "hostnamectl status",
          "": "",
          "raw": ""
        }
      },
      "nodes.json": {
        "hosts": {
          "runner-ed2dce3a-project-9951336-concurrent-0": {
            "internal_alias": "node1",
            "index": "1",
            "role": "master",
            "role_change_detected_at": "never"
          }
        },
        "last_check": {
          "epoch": "1",
          "timestamptz": "2019-02-26 05:15:24.0+0000",
          "dir": "1_2019_02_26T05_14_46_+0000"
        }
      }
    }
  }
}
