# A001 System Information #

## Observations ##
Data collected: 2019-09-12 15:37:40 +0000 UTC  

 
### Operating System by hosts ###

| Host| Operating System | Kernel |
|-----|------------------|--------|
|postgres.test3.node|Linux|4.19.23-coreos-r1|
|postgres.test1.node|Linux|4.19.23-coreos-r1|
|postgres.test2.node|Linux|4.19.23-coreos-r1|






### Master (`postgres.test3.node`) ###

**System**

```
Linux runner-fa6cab46-project-9951336-concurrent-0 4.19.23-coreos-r1 #1 SMP Mon Feb 25 23:40:01 -00 2019 x86_64 x86_64 x86_64 GNU/Linux
```


**CPU**

```
Architecture:          x86_64
CPU op-mode(s):        32-bit, 64-bit
Byte Order:            Little Endian
CPU(s):                1
On-line CPU(s) list:   0
Thread(s) per core:    1
Core(s) per socket:    1
Socket(s):             1
NUMA node(s):          1
Vendor ID:             GenuineIntel
CPU family:            6
Model:                 63
Model name:            Intel(R) Xeon(R) CPU @ 2.30GHz
Stepping:              0
CPU MHz:               2300.000
BogoMIPS:              4600.00
Hypervisor vendor:     KVM
Virtualization type:   full
L1d cache:             32K
L1i cache:             32K
L2 cache:              256K
L3 cache:              46080K
NUMA node0 CPU(s):     0
Flags:                 fpu vme de pse tsc msr pae mce cx8 apic sep mtrr pge mca cmov pat pse36 clflush mmx fxsr sse sse2 ss ht syscall nx pdpe1gb rdtscp lm constant_tsc rep_good nopl xtopology nonstop_tsc cpuid tsc_known_freq pni pclmulqdq ssse3 fma cx16 pcid sse4_1 sse4_2 x2apic movbe popcnt aes xsave avx f16c rdrand hypervisor lahf_lm abm invpcid_single pti ssbd ibrs ibpb stibp fsgsbase tsc_adjust bmi1 avx2 smep bmi2 erms invpcid xsaveopt arat arch_capabilities
```


**Memory**

```
MemTotal:        3783504 kB
MemFree:          136872 kB
MemAvailable:    2639696 kB
Buffers:           85192 kB
Cached:          2949064 kB
SwapCached:          104 kB
Active:          1348152 kB
Inactive:        2099844 kB
Active(anon):     444864 kB
Inactive(anon):   347316 kB
Active(file):     903288 kB
Inactive(file):  1752528 kB
Unevictable:           0 kB
Mlocked:               0 kB
SwapTotal:       2097148 kB
SwapFree:        2092528 kB
Dirty:            107040 kB
Writeback:             0 kB
AnonPages:        413672 kB
Mapped:           306104 kB
Shmem:            378424 kB
Slab:             129692 kB
SReclaimable:     100352 kB
SUnreclaim:        29340 kB
KernelStack:        3152 kB
PageTables:        10872 kB
NFS_Unstable:          0 kB
Bounce:                0 kB
WritebackTmp:          0 kB
CommitLimit:     3988900 kB
Committed_AS:    1899760 kB
VmallocTotal:   34359738367 kB
VmallocUsed:           0 kB
VmallocChunk:          0 kB
Percpu:              440 kB
HardwareCorrupted:     0 kB
AnonHugePages:    129024 kB
ShmemHugePages:        0 kB
ShmemPmdMapped:        0 kB
HugePages_Total:       0
HugePages_Free:        0
HugePages_Rsvd:        0
HugePages_Surp:        0
Hugepagesize:       2048 kB
Hugetlb:               0 kB
DirectMap4k:       94196 kB
DirectMap2M:     2789376 kB
DirectMap1G:     1048576 kB
```







### Replica servers: ###
    
#### Replica (`postgres.test1.node`) ####
        

**System**

```
Linux runner-fa6cab46-project-9951336-concurrent-0 4.19.23-coreos-r1 #1 SMP Mon Feb 25 23:40:01 -00 2019 x86_64 x86_64 x86_64 GNU/Linux
```


**CPU**

```
Architecture:          x86_64
CPU op-mode(s):        32-bit, 64-bit
Byte Order:            Little Endian
CPU(s):                1
On-line CPU(s) list:   0
Thread(s) per core:    1
Core(s) per socket:    1
Socket(s):             1
NUMA node(s):          1
Vendor ID:             GenuineIntel
CPU family:            6
Model:                 63
Model name:            Intel(R) Xeon(R) CPU @ 2.30GHz
Stepping:              0
CPU MHz:               2300.000
BogoMIPS:              4600.00
Hypervisor vendor:     KVM
Virtualization type:   full
L1d cache:             32K
L1i cache:             32K
L2 cache:              256K
L3 cache:              46080K
NUMA node0 CPU(s):     0
Flags:                 fpu vme de pse tsc msr pae mce cx8 apic sep mtrr pge mca cmov pat pse36 clflush mmx fxsr sse sse2 ss ht syscall nx pdpe1gb rdtscp lm constant_tsc rep_good nopl xtopology nonstop_tsc cpuid tsc_known_freq pni pclmulqdq ssse3 fma cx16 pcid sse4_1 sse4_2 x2apic movbe popcnt aes xsave avx f16c rdrand hypervisor lahf_lm abm invpcid_single pti ssbd ibrs ibpb stibp fsgsbase tsc_adjust bmi1 avx2 smep bmi2 erms invpcid xsaveopt arat arch_capabilities
```


**Memory**

```
MemTotal:        3783504 kB
MemFree:          116872 kB
MemAvailable:    2641340 kB
Buffers:           85196 kB
Cached:          2968848 kB
SwapCached:           92 kB
Active:          1346164 kB
Inactive:        2121616 kB
Active(anon):     443332 kB
Inactive(anon):   346876 kB
Active(file):     902832 kB
Inactive(file):  1774740 kB
Unevictable:           0 kB
Mlocked:               0 kB
SwapTotal:       2097148 kB
SwapFree:        2092528 kB
Dirty:            101236 kB
Writeback:             0 kB
AnonPages:        413672 kB
Mapped:           306128 kB
Shmem:            376472 kB
Slab:             129544 kB
SReclaimable:     100132 kB
SUnreclaim:        29412 kB
KernelStack:        3168 kB
PageTables:        11120 kB
NFS_Unstable:          0 kB
Bounce:                0 kB
WritebackTmp:          0 kB
CommitLimit:     3988900 kB
Committed_AS:    1908196 kB
VmallocTotal:   34359738367 kB
VmallocUsed:           0 kB
VmallocChunk:          0 kB
Percpu:              440 kB
HardwareCorrupted:     0 kB
AnonHugePages:    129024 kB
ShmemHugePages:        0 kB
ShmemPmdMapped:        0 kB
HugePages_Total:       0
HugePages_Free:        0
HugePages_Rsvd:        0
HugePages_Surp:        0
Hugepagesize:       2048 kB
Hugetlb:               0 kB
DirectMap4k:       94196 kB
DirectMap2M:     2789376 kB
DirectMap1G:     1048576 kB
```


        
#### Replica (`postgres.test2.node`) ####
        

**System**

```
Linux runner-fa6cab46-project-9951336-concurrent-0 4.19.23-coreos-r1 #1 SMP Mon Feb 25 23:40:01 -00 2019 x86_64 x86_64 x86_64 GNU/Linux
```


**CPU**

```
Architecture:          x86_64
CPU op-mode(s):        32-bit, 64-bit
Byte Order:            Little Endian
CPU(s):                1
On-line CPU(s) list:   0
Thread(s) per core:    1
Core(s) per socket:    1
Socket(s):             1
NUMA node(s):          1
Vendor ID:             GenuineIntel
CPU family:            6
Model:                 63
Model name:            Intel(R) Xeon(R) CPU @ 2.30GHz
Stepping:              0
CPU MHz:               2300.000
BogoMIPS:              4600.00
Hypervisor vendor:     KVM
Virtualization type:   full
L1d cache:             32K
L1i cache:             32K
L2 cache:              256K
L3 cache:              46080K
NUMA node0 CPU(s):     0
Flags:                 fpu vme de pse tsc msr pae mce cx8 apic sep mtrr pge mca cmov pat pse36 clflush mmx fxsr sse sse2 ss ht syscall nx pdpe1gb rdtscp lm constant_tsc rep_good nopl xtopology nonstop_tsc cpuid tsc_known_freq pni pclmulqdq ssse3 fma cx16 pcid sse4_1 sse4_2 x2apic movbe popcnt aes xsave avx f16c rdrand hypervisor lahf_lm abm invpcid_single pti ssbd ibrs ibpb stibp fsgsbase tsc_adjust bmi1 avx2 smep bmi2 erms invpcid xsaveopt arat arch_capabilities
```


**Memory**

```
MemTotal:        3783504 kB
MemFree:          140540 kB
MemAvailable:    2640672 kB
Buffers:           85188 kB
Cached:          2945784 kB
SwapCached:          104 kB
Active:          1345704 kB
Inactive:        2098984 kB
Active(anon):     443144 kB
Inactive(anon):   348020 kB
Active(file):     902560 kB
Inactive(file):  1750964 kB
Unevictable:           0 kB
Mlocked:               0 kB
SwapTotal:       2097148 kB
SwapFree:        2092528 kB
Dirty:            102328 kB
Writeback:             0 kB
AnonPages:        413644 kB
Mapped:           306012 kB
Shmem:            377448 kB
Slab:             128964 kB
SReclaimable:      99556 kB
SUnreclaim:        29408 kB
KernelStack:        3152 kB
PageTables:        10900 kB
NFS_Unstable:          0 kB
Bounce:                0 kB
WritebackTmp:          0 kB
CommitLimit:     3988900 kB
Committed_AS:    1895856 kB
VmallocTotal:   34359738367 kB
VmallocUsed:           0 kB
VmallocChunk:          0 kB
Percpu:              440 kB
HardwareCorrupted:     0 kB
AnonHugePages:    129024 kB
ShmemHugePages:        0 kB
ShmemPmdMapped:        0 kB
HugePages_Total:       0
HugePages_Free:        0
HugePages_Rsvd:        0
HugePages_Surp:        0
Hugepagesize:       2048 kB
Hugetlb:               0 kB
DirectMap4k:       94196 kB
DirectMap2M:     2789376 kB
DirectMap1G:     1048576 kB
```


        

## Conclusions ##


## Recommendations ##
