# A001 System information #

## Observations ##
Data collected: 2019-02-28 21:03:28 +0000 UTC  





### Master (`runner-0277ea0f-project-9951336-concurrent-0`) ###

**System**

```
Linux runner-0277ea0f-project-9951336-concurrent-0 4.14.48-coreos-r2 #1 SMP Thu Jun 14 08:23:03 UTC 2018 x86_64 x86_64 x86_64 GNU/Linux
```


**CPU**

```
Architecture:          x86_64
CPU op-mode(s):        32-bit, 64-bit
Byte Order:            Little Endian
CPU(s):                1
On-line CPU(s) list:   0
Thread(s) per core:    1
Core(s) per socket:    1
Socket(s):             1
NUMA node(s):          1
Vendor ID:             GenuineIntel
CPU family:            6
Model:                 63
Model name:            Intel(R) Xeon(R) CPU @ 2.30GHz
Stepping:              0
CPU MHz:               2300.000
BogoMIPS:              4600.00
Hypervisor vendor:     KVM
Virtualization type:   full
L1d cache:             32K
L1i cache:             32K
L2 cache:              256K
L3 cache:              46080K
NUMA node0 CPU(s):     0
Flags:                 fpu vme de pse tsc msr pae mce cx8 apic sep mtrr pge mca cmov pat pse36 clflush mmx fxsr sse sse2 ss ht syscall nx pdpe1gb rdtscp lm constant_tsc rep_good nopl xtopology nonstop_tsc cpuid pni pclmulqdq ssse3 fma cx16 pcid sse4_1 sse4_2 x2apic movbe popcnt aes xsave avx f16c rdrand hypervisor lahf_lm abm invpcid_single pti ssbd ibrs ibpb stibp fsgsbase tsc_adjust bmi1 avx2 smep bmi2 erms invpcid xsaveopt arat arch_capabilities
```


**Memory**

```
MemTotal:        3784700 kB
MemFree:          207324 kB
MemAvailable:    2694176 kB
Buffers:           78356 kB
Cached:          2820984 kB
SwapCached:           12 kB
Active:          1308968 kB
Inactive:        1990060 kB
Active(anon):     442428 kB
Inactive(anon):   289776 kB
Active(file):     866540 kB
Inactive(file):  1700284 kB
Unevictable:           0 kB
Mlocked:               0 kB
SwapTotal:       2097148 kB
SwapFree:        2096624 kB
Dirty:             13876 kB
Writeback:             0 kB
AnonPages:        399692 kB
Mapped:           266784 kB
Shmem:            332520 kB
Slab:             237644 kB
SReclaimable:     207696 kB
SUnreclaim:        29948 kB
KernelStack:        2752 kB
PageTables:         7256 kB
NFS_Unstable:          0 kB
Bounce:                0 kB
WritebackTmp:          0 kB
CommitLimit:     3989496 kB
Committed_AS:    1233536 kB
VmallocTotal:   34359738367 kB
VmallocUsed:           0 kB
VmallocChunk:          0 kB
HardwareCorrupted:     0 kB
AnonHugePages:    223232 kB
ShmemHugePages:        0 kB
ShmemPmdMapped:        0 kB
HugePages_Total:       0
HugePages_Free:        0
HugePages_Rsvd:        0
HugePages_Surp:        0
Hugepagesize:       2048 kB
DirectMap4k:       79860 kB
DirectMap2M:     2803712 kB
DirectMap1G:     1048576 kB
```







## Conclusions ##


## Recommendations ##
