# A001 System information #

## Observations ##
Data collected: 2019-03-01 08:41:12 +0000 UTC  





### Master (`runner-72989761-project-9951336-concurrent-0`) ###

**System**

```
Linux runner-72989761-project-9951336-concurrent-0 4.14.48-coreos-r2 #1 SMP Thu Jun 14 08:23:03 UTC 2018 x86_64 x86_64 x86_64 GNU/Linux
```


**CPU**

```
Architecture:          x86_64
CPU op-mode(s):        32-bit, 64-bit
Byte Order:            Little Endian
CPU(s):                1
On-line CPU(s) list:   0
Thread(s) per core:    1
Core(s) per socket:    1
Socket(s):             1
NUMA node(s):          1
Vendor ID:             GenuineIntel
CPU family:            6
Model:                 63
Model name:            Intel(R) Xeon(R) CPU @ 2.30GHz
Stepping:              0
CPU MHz:               2300.000
BogoMIPS:              4600.00
Hypervisor vendor:     KVM
Virtualization type:   full
L1d cache:             32K
L1i cache:             32K
L2 cache:              256K
L3 cache:              46080K
NUMA node0 CPU(s):     0
Flags:                 fpu vme de pse tsc msr pae mce cx8 apic sep mtrr pge mca cmov pat pse36 clflush mmx fxsr sse sse2 ss ht syscall nx pdpe1gb rdtscp lm constant_tsc rep_good nopl xtopology nonstop_tsc cpuid pni pclmulqdq ssse3 fma cx16 pcid sse4_1 sse4_2 x2apic movbe popcnt aes xsave avx f16c rdrand hypervisor lahf_lm abm invpcid_single pti ssbd ibrs ibpb stibp fsgsbase tsc_adjust bmi1 avx2 smep bmi2 erms invpcid xsaveopt arat arch_capabilities
```


**Memory**

```
MemTotal:        3784700 kB
MemFree:          202292 kB
MemAvailable:    2698108 kB
Buffers:           77892 kB
Cached:          2830312 kB
SwapCached:            4 kB
Active:          1308336 kB
Inactive:        1994748 kB
Active(anon):     432748 kB
Inactive(anon):   294612 kB
Active(file):     875588 kB
Inactive(file):  1700136 kB
Unevictable:           0 kB
Mlocked:               0 kB
SwapTotal:       2097148 kB
SwapFree:        2096624 kB
Dirty:             13480 kB
Writeback:             0 kB
AnonPages:        394764 kB
Mapped:           270716 kB
Shmem:            332536 kB
Slab:             237748 kB
SReclaimable:     207760 kB
SUnreclaim:        29988 kB
KernelStack:        2704 kB
PageTables:         7204 kB
NFS_Unstable:          0 kB
Bounce:                0 kB
WritebackTmp:          0 kB
CommitLimit:     3989496 kB
Committed_AS:    1212868 kB
VmallocTotal:   34359738367 kB
VmallocUsed:           0 kB
VmallocChunk:          0 kB
HardwareCorrupted:     0 kB
AnonHugePages:    212992 kB
ShmemHugePages:        0 kB
ShmemPmdMapped:        0 kB
HugePages_Total:       0
HugePages_Free:        0
HugePages_Rsvd:        0
HugePages_Surp:        0
Hugepagesize:       2048 kB
DirectMap4k:       83956 kB
DirectMap2M:     3848192 kB
DirectMap1G:           0 kB
```







## Conclusions ##


## Recommendations ##
