# A001 System information #

## Observations ##
Data collected: 2019-02-27 13:29:27 +0000 UTC  





### Master (`runner-72989761-project-9951336-concurrent-0`) ###

**System**

```
Linux runner-72989761-project-9951336-concurrent-0 4.14.48-coreos-r2 #1 SMP Thu Jun 14 08:23:03 UTC 2018 x86_64 x86_64 x86_64 GNU/Linux
```


**CPU**

```
Architecture:          x86_64
CPU op-mode(s):        32-bit, 64-bit
Byte Order:            Little Endian
CPU(s):                1
On-line CPU(s) list:   0
Thread(s) per core:    1
Core(s) per socket:    1
Socket(s):             1
NUMA node(s):          1
Vendor ID:             GenuineIntel
CPU family:            6
Model:                 63
Model name:            Intel(R) Xeon(R) CPU @ 2.30GHz
Stepping:              0
CPU MHz:               2300.000
BogoMIPS:              4600.00
Hypervisor vendor:     KVM
Virtualization type:   full
L1d cache:             32K
L1i cache:             32K
L2 cache:              256K
L3 cache:              46080K
NUMA node0 CPU(s):     0
Flags:                 fpu vme de pse tsc msr pae mce cx8 apic sep mtrr pge mca cmov pat pse36 clflush mmx fxsr sse sse2 ss ht syscall nx pdpe1gb rdtscp lm constant_tsc rep_good nopl xtopology nonstop_tsc cpuid pni pclmulqdq ssse3 fma cx16 pcid sse4_1 sse4_2 x2apic movbe popcnt aes xsave avx f16c rdrand hypervisor lahf_lm abm invpcid_single pti ssbd ibrs ibpb stibp fsgsbase tsc_adjust bmi1 avx2 smep bmi2 erms invpcid xsaveopt arat arch_capabilities
```


**Memory**

```
MemTotal:        3784700 kB
MemFree:          204516 kB
MemAvailable:    2704468 kB
Buffers:           75164 kB
Cached:          2836816 kB
SwapCached:          164 kB
Active:          1302804 kB
Inactive:        1998456 kB
Active(anon):     425760 kB
Inactive(anon):   295988 kB
Active(file):     877044 kB
Inactive(file):  1702468 kB
Unevictable:           0 kB
Mlocked:               0 kB
SwapTotal:       2097148 kB
SwapFree:        2096112 kB
Dirty:             13656 kB
Writeback:             0 kB
AnonPages:        389124 kB
Mapped:           274532 kB
Shmem:            332520 kB
Slab:             239048 kB
SReclaimable:     208108 kB
SUnreclaim:        30940 kB
KernelStack:        2768 kB
PageTables:         7216 kB
NFS_Unstable:          0 kB
Bounce:                0 kB
WritebackTmp:          0 kB
CommitLimit:     3989496 kB
Committed_AS:    1249388 kB
VmallocTotal:   34359738367 kB
VmallocUsed:           0 kB
VmallocChunk:          0 kB
HardwareCorrupted:     0 kB
AnonHugePages:    229376 kB
ShmemHugePages:        0 kB
ShmemPmdMapped:        0 kB
HugePages_Total:       0
HugePages_Free:        0
HugePages_Rsvd:        0
HugePages_Surp:        0
Hugepagesize:       2048 kB
DirectMap4k:       94196 kB
DirectMap2M:     2789376 kB
DirectMap1G:     1048576 kB
```







## Conclusions ##


## Recommendations ##
