# A001 System information #

## Observations ##
Data collected: 2019-02-21 15:50:02 +0000 UTC  


### Master (`runner-0277ea0f-project-9951336-concurrent-0`) ###

**System**

```
Linux runner-0277ea0f-project-9951336-concurrent-0 4.14.48-coreos-r2 #1 SMP Thu Jun 14 08:23:03 UTC 2018 x86_64 x86_64 x86_64 GNU/Linux
```


**CPU**

```
Architecture:          x86_64
CPU op-mode(s):        32-bit, 64-bit
Byte Order:            Little Endian
CPU(s):                1
On-line CPU(s) list:   0
Thread(s) per core:    1
Core(s) per socket:    1
Socket(s):             1
NUMA node(s):          1
Vendor ID:             GenuineIntel
CPU family:            6
Model:                 63
Model name:            Intel(R) Xeon(R) CPU @ 2.30GHz
Stepping:              0
CPU MHz:               2300.000
BogoMIPS:              4600.00
Hypervisor vendor:     KVM
Virtualization type:   full
L1d cache:             32K
L1i cache:             32K
L2 cache:              256K
L3 cache:              46080K
NUMA node0 CPU(s):     0
Flags:                 fpu vme de pse tsc msr pae mce cx8 apic sep mtrr pge mca cmov pat pse36 clflush mmx fxsr sse sse2 ss ht syscall nx pdpe1gb rdtscp lm constant_tsc rep_good nopl xtopology nonstop_tsc cpuid pni pclmulqdq ssse3 fma cx16 pcid sse4_1 sse4_2 x2apic movbe popcnt aes xsave avx f16c rdrand hypervisor lahf_lm abm invpcid_single pti ssbd ibrs ibpb stibp fsgsbase tsc_adjust bmi1 avx2 smep bmi2 erms invpcid xsaveopt arat arch_capabilities
```


**Memory**

```
MemTotal:        3784700 kB
MemFree:          191080 kB
MemAvailable:    2704060 kB
Buffers:           74136 kB
Cached:          2851072 kB
SwapCached:          128 kB
Active:          1302880 kB
Inactive:        2010888 kB
Active(anon):     425352 kB
Inactive(anon):   295716 kB
Active(file):     877528 kB
Inactive(file):  1715172 kB
Unevictable:           0 kB
Mlocked:               0 kB
SwapTotal:       2097148 kB
SwapFree:        2096112 kB
Dirty:             13948 kB
Writeback:             0 kB
AnonPages:        388488 kB
Mapped:           274228 kB
Shmem:            332512 kB
Slab:             238928 kB
SReclaimable:     207948 kB
SUnreclaim:        30980 kB
KernelStack:        2768 kB
PageTables:         7288 kB
NFS_Unstable:          0 kB
Bounce:                0 kB
WritebackTmp:          0 kB
CommitLimit:     3989496 kB
Committed_AS:    1243688 kB
VmallocTotal:   34359738367 kB
VmallocUsed:           0 kB
VmallocChunk:          0 kB
HardwareCorrupted:     0 kB
AnonHugePages:    229376 kB
ShmemHugePages:        0 kB
ShmemPmdMapped:        0 kB
HugePages_Total:       0
HugePages_Free:        0
HugePages_Rsvd:        0
HugePages_Surp:        0
Hugepagesize:       2048 kB
DirectMap4k:       96244 kB
DirectMap2M:     2787328 kB
DirectMap1G:     1048576 kB
```


**Disk**

```
Filesystem     Type     Size  Used Avail Use% Mounted on
overlay        overlay   22G  7.6G   14G  37% /
tmpfs          tmpfs     64M     0   64M   0% /dev
tmpfs          tmpfs    1.9G     0  1.9G   0% /sys/fs/cgroup
/dev/sda9      ext4      22G  7.6G   14G  37% /builds/postgres-ai-team
shm            tmpfs     64M  8.0K   64M   1% /dev/shm
```







## Conclusions ##


## Recommendations ##

