# A001 System information #

## Observations ##


### Master (`runner-ed2dce3a-project-9951336-concurrent-0`) ###

**System**

```
Linux runner-ed2dce3a-project-9951336-concurrent-0 4.14.48-coreos-r2 #1 SMP Thu Jun 14 08:23:03 UTC 2018 x86_64 x86_64 x86_64 GNU/Linux
```


**CPU**

```
Architecture:          x86_64
CPU op-mode(s):        32-bit, 64-bit
Byte Order:            Little Endian
CPU(s):                1
On-line CPU(s) list:   0
Thread(s) per core:    1
Core(s) per socket:    1
Socket(s):             1
NUMA node(s):          1
Vendor ID:             GenuineIntel
CPU family:            6
Model:                 63
Model name:            Intel(R) Xeon(R) CPU @ 2.30GHz
Stepping:              0
CPU MHz:               2300.000
BogoMIPS:              4600.00
Hypervisor vendor:     KVM
Virtualization type:   full
L1d cache:             32K
L1i cache:             32K
L2 cache:              256K
L3 cache:              46080K
NUMA node0 CPU(s):     0
Flags:                 fpu vme de pse tsc msr pae mce cx8 apic sep mtrr pge mca cmov pat pse36 clflush mmx fxsr sse sse2 ss ht syscall nx pdpe1gb rdtscp lm constant_tsc rep_good nopl xtopology nonstop_tsc cpuid pni pclmulqdq ssse3 fma cx16 pcid sse4_1 sse4_2 x2apic movbe popcnt aes xsave avx f16c rdrand hypervisor lahf_lm abm invpcid_single pti ssbd ibrs ibpb stibp fsgsbase tsc_adjust bmi1 avx2 smep bmi2 erms invpcid xsaveopt arat arch_capabilities
```


**Memory**

```
MemTotal:        3784700 kB
MemFree:          205260 kB
MemAvailable:    2696948 kB
Buffers:           71756 kB
Cached:          2833956 kB
SwapCached:           16 kB
Active:           972048 kB
Inactive:        2322068 kB
Active(anon):     569296 kB
Inactive(anon):   151648 kB
Active(file):     402752 kB
Inactive(file):  2170420 kB
Unevictable:           0 kB
Mlocked:               0 kB
SwapTotal:       2097148 kB
SwapFree:        2096880 kB
Dirty:             14428 kB
Writeback:             0 kB
AnonPages:        388424 kB
Mapped:           231196 kB
Shmem:            332548 kB
Slab:             237124 kB
SReclaimable:     206184 kB
SUnreclaim:        30940 kB
KernelStack:        2800 kB
PageTables:         7056 kB
NFS_Unstable:          0 kB
Bounce:                0 kB
WritebackTmp:          0 kB
CommitLimit:     3989496 kB
Committed_AS:    1221584 kB
VmallocTotal:   34359738367 kB
VmallocUsed:           0 kB
VmallocChunk:          0 kB
HardwareCorrupted:     0 kB
AnonHugePages:    204800 kB
ShmemHugePages:        0 kB
ShmemPmdMapped:        0 kB
HugePages_Total:       0
HugePages_Free:        0
HugePages_Rsvd:        0
HugePages_Surp:        0
Hugepagesize:       2048 kB
DirectMap4k:       81908 kB
DirectMap2M:     3850240 kB
DirectMap1G:           0 kB
```


**Disk**

```
Filesystem     Type     Size  Used Avail Use% Mounted on
overlay        overlay   22G  6.6G   15G  32% /
tmpfs          tmpfs     64M     0   64M   0% /dev
tmpfs          tmpfs    1.9G     0  1.9G   0% /sys/fs/cgroup
/dev/sda9      ext4      22G  6.6G   15G  32% /builds/postgres-ai-team
shm            tmpfs     64M  8.0K   64M   1% /dev/shm
```







## Conclusions ##


## Recommendations ##

