{
  "project": "test",
  "name": "system_info",
  "checkId": "A001",
  "timestamptz": "2019-02-20 11:36:54.0+0000",
  "dependencies": {
    "null": "null"
  },
  "last_nodes_json": {
    "hosts": {
      "runner-ed2dce3a-project-9951336-concurrent-0": {
        "internal_alias": "node1",
        "index": "1",
        "role": "master",
        "role_change_detected_at": "never"
      }
    },
    "last_check": {
      "epoch": "1",
      "timestamptz": "2019-02-20 11:36:54.0+0000",
      "dir": "1_2019_02_20T11_36_16_+0000"
    }
  },
  "database": "dbname",
  "results": {
    "runner-ed2dce3a-project-9951336-concurrent-0": {
      "data": {
        "cpu": {
          "cmd2check": "lscpu",
          "Architecture": "x86_64",
          "CPU op-mode(s)": "32-bit, 64-bit",
          "Byte Order": "Little Endian",
          "CPU(s)": "1",
          "On-line CPU(s) list": "0",
          "Thread(s) per core": "1",
          "Core(s) per socket": "1",
          "Socket(s)": "1",
          "NUMA node(s)": "1",
          "Vendor ID": "GenuineIntel",
          "CPU family": "6",
          "Model": "63",
          "Model name": "Intel(R) Xeon(R) CPU @ 2.30GHz",
          "Stepping": "0",
          "CPU MHz": "2300.000",
          "BogoMIPS": "4600.00",
          "Hypervisor vendor": "KVM",
          "Virtualization type": "full",
          "L1d cache": "32K",
          "L1i cache": "32K",
          "L2 cache": "256K",
          "L3 cache": "46080K",
          "NUMA node0 CPU(s)": "0",
          "Flags": "fpu vme de pse tsc msr pae mce cx8 apic sep mtrr pge mca cmov pat pse36 clflush mmx fxsr sse sse2 ss ht syscall nx pdpe1gb rdtscp lm constant_tsc rep_good nopl xtopology nonstop_tsc cpuid pni pclmulqdq ssse3 fma cx16 pcid sse4_1 sse4_2 x2apic movbe popcnt aes xsave avx f16c rdrand hypervisor lahf_lm abm invpcid_single pti ssbd ibrs ibpb stibp fsgsbase tsc_adjust bmi1 avx2 smep bmi2 erms invpcid xsaveopt arat arch_capabilities",
          "raw": "Architecture:          x86_64\nCPU op-mode(s):        32-bit, 64-bit\nByte Order:            Little Endian\nCPU(s):                1\nOn-line CPU(s) list:   0\nThread(s) per core:    1\nCore(s) per socket:    1\nSocket(s):             1\nNUMA node(s):          1\nVendor ID:             GenuineIntel\nCPU family:            6\nModel:                 63\nModel name:            Intel(R) Xeon(R) CPU @ 2.30GHz\nStepping:              0\nCPU MHz:               2300.000\nBogoMIPS:              4600.00\nHypervisor vendor:     KVM\nVirtualization type:   full\nL1d cache:             32K\nL1i cache:             32K\nL2 cache:              256K\nL3 cache:              46080K\nNUMA node0 CPU(s):     0\nFlags:                 fpu vme de pse tsc msr pae mce cx8 apic sep mtrr pge mca cmov pat pse36 clflush mmx fxsr sse sse2 ss ht syscall nx pdpe1gb rdtscp lm constant_tsc rep_good nopl xtopology nonstop_tsc cpuid pni pclmulqdq ssse3 fma cx16 pcid sse4_1 sse4_2 x2apic movbe popcnt aes xsave avx f16c rdrand hypervisor lahf_lm abm invpcid_single pti ssbd ibrs ibpb stibp fsgsbase tsc_adjust bmi1 avx2 smep bmi2 erms invpcid xsaveopt arat arch_capabilities"
        },
        "ram": {
          "cmd2check": "cat /proc/meminfo",
          "MemTotal": "3784700 kB",
          "MemFree": "192512 kB",
          "MemAvailable": "2693900 kB",
          "Buffers": "74828 kB",
          "Cached": "2837488 kB",
          "SwapCached": "16 kB",
          "Active": "973684 kB",
          "Inactive": "2330544 kB",
          "Active(anon)": "563284 kB",
          "Inactive(anon)": "161124 kB",
          "Active(file)": "410400 kB",
          "Inactive(file)": "2169420 kB",
          "Unevictable": "0 kB",
          "Mlocked": "0 kB",
          "SwapTotal": "2097148 kB",
          "SwapFree": "2096880 kB",
          "Dirty": "14704 kB",
          "Writeback": "0 kB",
          "AnonPages": "389896 kB",
          "Mapped": "227016 kB",
          "Shmem": "332504 kB",
          "Slab": "240444 kB",
          "SReclaimable": "209236 kB",
          "SUnreclaim": "31208 kB",
          "KernelStack": "2768 kB",
          "PageTables": "6996 kB",
          "NFS_Unstable": "0 kB",
          "Bounce": "0 kB",
          "WritebackTmp": "0 kB",
          "CommitLimit": "3989496 kB",
          "Committed_AS": "1205956 kB",
          "VmallocTotal": "34359738367 kB",
          "VmallocUsed": "0 kB",
          "VmallocChunk": "0 kB",
          "HardwareCorrupted": "0 kB",
          "AnonHugePages": "225280 kB",
          "ShmemHugePages": "0 kB",
          "ShmemPmdMapped": "0 kB",
          "HugePages_Total": "0",
          "HugePages_Free": "0",
          "HugePages_Rsvd": "0",
          "HugePages_Surp": "0",
          "Hugepagesize": "2048 kB",
          "DirectMap4k": "90100 kB",
          "DirectMap2M": "3842048 kB",
          "DirectMap1G": "0 kB",
          "raw": "MemTotal:        3784700 kB\nMemFree:          192512 kB\nMemAvailable:    2693900 kB\nBuffers:           74828 kB\nCached:          2837488 kB\nSwapCached:           16 kB\nActive:           973684 kB\nInactive:        2330544 kB\nActive(anon):     563284 kB\nInactive(anon):   161124 kB\nActive(file):     410400 kB\nInactive(file):  2169420 kB\nUnevictable:           0 kB\nMlocked:               0 kB\nSwapTotal:       2097148 kB\nSwapFree:        2096880 kB\nDirty:             14704 kB\nWriteback:             0 kB\nAnonPages:        389896 kB\nMapped:           227016 kB\nShmem:            332504 kB\nSlab:             240444 kB\nSReclaimable:     209236 kB\nSUnreclaim:        31208 kB\nKernelStack:        2768 kB\nPageTables:         6996 kB\nNFS_Unstable:          0 kB\nBounce:                0 kB\nWritebackTmp:          0 kB\nCommitLimit:     3989496 kB\nCommitted_AS:    1205956 kB\nVmallocTotal:   34359738367 kB\nVmallocUsed:           0 kB\nVmallocChunk:          0 kB\nHardwareCorrupted:     0 kB\nAnonHugePages:    225280 kB\nShmemHugePages:        0 kB\nShmemPmdMapped:        0 kB\nHugePages_Total:       0\nHugePages_Free:        0\nHugePages_Rsvd:        0\nHugePages_Surp:        0\nHugepagesize:       2048 kB\nDirectMap4k:       90100 kB\nDirectMap2M:     3842048 kB\nDirectMap1G:           0 kB"
        },
        "system": {
          "cmd2check": "uname -a",
          "raw": "Linux runner-ed2dce3a-project-9951336-concurrent-0 4.14.48-coreos-r2 #1 SMP Thu Jun 14 08:23:03 UTC 2018 x86_64 x86_64 x86_64 GNU/Linux"
        },
        "disk": {
          "cmd2check": "df -T",
          "raw": "Filesystem     Type     Size  Used Avail Use% Mounted on\noverlay        overlay   22G  6.6G   15G  32% /\ntmpfs          tmpfs     64M     0   64M   0% /dev\ntmpfs          tmpfs    1.9G     0  1.9G   0% /sys/fs/cgroup\n/dev/sda9      ext4      22G  6.6G   15G  32% /builds/postgres-ai-team\nshm            tmpfs     64M  8.0K   64M   1% /dev/shm"
        },
        "virtualization": {
          "cmd2check": "hostnamectl status",
          "": "",
          "raw": ""
        }
      },
      "nodes.json": {
        "hosts": {
          "runner-ed2dce3a-project-9951336-concurrent-0": {
            "internal_alias": "node1",
            "index": "1",
            "role": "master",
            "role_change_detected_at": "never"
          }
        },
        "last_check": {
          "epoch": "1",
          "timestamptz": "2019-02-20 11:36:54.0+0000",
          "dir": "1_2019_02_20T11_36_16_+0000"
        }
      }
    }
  }
}
