# A001 System information #

## Observations ##
Data collected: 2019-03-19 12:31:43 +0000 UTC  






### Master (`runner-ed2dce3a-project-9951336-concurrent-0`) ###

**System**

```
Linux runner-ed2dce3a-project-9951336-concurrent-0 4.19.23-coreos-r1 #1 SMP Mon Feb 25 23:40:01 -00 2019 x86_64 x86_64 x86_64 GNU/Linux
```


**CPU**

```
Architecture:          x86_64
CPU op-mode(s):        32-bit, 64-bit
Byte Order:            Little Endian
CPU(s):                1
On-line CPU(s) list:   0
Thread(s) per core:    1
Core(s) per socket:    1
Socket(s):             1
NUMA node(s):          1
Vendor ID:             GenuineIntel
CPU family:            6
Model:                 63
Model name:            Intel(R) Xeon(R) CPU @ 2.30GHz
Stepping:              0
CPU MHz:               2300.000
BogoMIPS:              4600.00
Hypervisor vendor:     KVM
Virtualization type:   full
L1d cache:             32K
L1i cache:             32K
L2 cache:              256K
L3 cache:              46080K
NUMA node0 CPU(s):     0
Flags:                 fpu vme de pse tsc msr pae mce cx8 apic sep mtrr pge mca cmov pat pse36 clflush mmx fxsr sse sse2 ss ht syscall nx pdpe1gb rdtscp lm constant_tsc rep_good nopl xtopology nonstop_tsc cpuid tsc_known_freq pni pclmulqdq ssse3 fma cx16 pcid sse4_1 sse4_2 x2apic movbe popcnt aes xsave avx f16c rdrand hypervisor lahf_lm abm invpcid_single pti ssbd ibrs ibpb stibp fsgsbase tsc_adjust bmi1 avx2 smep bmi2 erms invpcid xsaveopt arat arch_capabilities
```


**Memory**

```
MemTotal:        3783520 kB
MemFree:          195132 kB
MemAvailable:    2466036 kB
Buffers:           77832 kB
Cached:          2695012 kB
SwapCached:          216 kB
Active:          1404316 kB
Inactive:        1987468 kB
Active(anon):     545592 kB
Inactive(anon):   421028 kB
Active(file):     858724 kB
Inactive(file):  1566440 kB
Unevictable:           0 kB
Mlocked:               0 kB
SwapTotal:       2097148 kB
SwapFree:        2093808 kB
Dirty:             13716 kB
Writeback:             0 kB
AnonPages:        618796 kB
Mapped:           267600 kB
Shmem:            347736 kB
Slab:             126796 kB
SReclaimable:      97328 kB
SUnreclaim:        29468 kB
KernelStack:        2896 kB
PageTables:         7760 kB
NFS_Unstable:          0 kB
Bounce:                0 kB
WritebackTmp:          0 kB
CommitLimit:     3988908 kB
Committed_AS:    1517360 kB
VmallocTotal:   34359738367 kB
VmallocUsed:           0 kB
VmallocChunk:          0 kB
Percpu:              452 kB
HardwareCorrupted:     0 kB
AnonHugePages:    325632 kB
ShmemHugePages:        0 kB
ShmemPmdMapped:        0 kB
HugePages_Total:       0
HugePages_Free:        0
HugePages_Rsvd:        0
HugePages_Surp:        0
Hugepagesize:       2048 kB
Hugetlb:               0 kB
DirectMap4k:       98292 kB
DirectMap2M:     2785280 kB
DirectMap1G:     1048576 kB
```








## Conclusions ##


## Recommendations ##
