# A001 System Information #

## Observations ##
Data collected: 2019-09-18 10:17:11 +0000 UTC  

 
### Operating System by hosts ###

| Host| Operating System | Kernel |
|-----|------------------|--------|
|postgres.test3.node|Linux|4.19.23-coreos-r1|
|postgres.test1.node|Linux|4.19.23-coreos-r1|
|postgres.test2.node|Linux|4.19.23-coreos-r1|






### Master (`postgres.test3.node`) ###

**System**

```
Linux runner-0277ea0f-project-9951336-concurrent-0 4.19.23-coreos-r1 #1 SMP Mon Feb 25 23:40:01 -00 2019 x86_64 x86_64 x86_64 GNU/Linux
```


**CPU**

```
Architecture:          x86_64
CPU op-mode(s):        32-bit, 64-bit
Byte Order:            Little Endian
CPU(s):                1
On-line CPU(s) list:   0
Thread(s) per core:    1
Core(s) per socket:    1
Socket(s):             1
NUMA node(s):          1
Vendor ID:             GenuineIntel
CPU family:            6
Model:                 63
Model name:            Intel(R) Xeon(R) CPU @ 2.30GHz
Stepping:              0
CPU MHz:               2300.000
BogoMIPS:              4600.00
Hypervisor vendor:     KVM
Virtualization type:   full
L1d cache:             32K
L1i cache:             32K
L2 cache:              256K
L3 cache:              46080K
NUMA node0 CPU(s):     0
Flags:                 fpu vme de pse tsc msr pae mce cx8 apic sep mtrr pge mca cmov pat pse36 clflush mmx fxsr sse sse2 ss ht syscall nx pdpe1gb rdtscp lm constant_tsc rep_good nopl xtopology nonstop_tsc cpuid tsc_known_freq pni pclmulqdq ssse3 fma cx16 pcid sse4_1 sse4_2 x2apic movbe popcnt aes xsave avx f16c rdrand hypervisor lahf_lm abm invpcid_single pti ssbd ibrs ibpb stibp fsgsbase tsc_adjust bmi1 avx2 smep bmi2 erms invpcid xsaveopt arat arch_capabilities
```


**Memory**

```
MemTotal:        3783520 kB
MemFree:          136416 kB
MemAvailable:    2635620 kB
Buffers:           79804 kB
Cached:          2949748 kB
SwapCached:         1800 kB
Active:          1326772 kB
Inactive:        2120252 kB
Active(anon):     446864 kB
Inactive(anon):   347848 kB
Active(file):     879908 kB
Inactive(file):  1772404 kB
Unevictable:           0 kB
Mlocked:               0 kB
SwapTotal:       2097148 kB
SwapFree:        2090480 kB
Dirty:              9172 kB
Writeback:             0 kB
AnonPages:        415784 kB
Mapped:           294152 kB
Shmem:            378396 kB
Slab:             130420 kB
SReclaimable:      99628 kB
SUnreclaim:        30792 kB
KernelStack:        3136 kB
PageTables:        11012 kB
NFS_Unstable:          0 kB
Bounce:                0 kB
WritebackTmp:          0 kB
CommitLimit:     3988908 kB
Committed_AS:    1903268 kB
VmallocTotal:   34359738367 kB
VmallocUsed:           0 kB
VmallocChunk:          0 kB
Percpu:              452 kB
HardwareCorrupted:     0 kB
AnonHugePages:    135168 kB
ShmemHugePages:        0 kB
ShmemPmdMapped:        0 kB
HugePages_Total:       0
HugePages_Free:        0
HugePages_Rsvd:        0
HugePages_Surp:        0
Hugepagesize:       2048 kB
Hugetlb:               0 kB
DirectMap4k:       90100 kB
DirectMap2M:     2793472 kB
DirectMap1G:     1048576 kB
```







### Replica servers: ###
    
#### Replica (`postgres.test1.node`) ####
        

**System**

```
Linux runner-0277ea0f-project-9951336-concurrent-0 4.19.23-coreos-r1 #1 SMP Mon Feb 25 23:40:01 -00 2019 x86_64 x86_64 x86_64 GNU/Linux
```


**CPU**

```
Architecture:          x86_64
CPU op-mode(s):        32-bit, 64-bit
Byte Order:            Little Endian
CPU(s):                1
On-line CPU(s) list:   0
Thread(s) per core:    1
Core(s) per socket:    1
Socket(s):             1
NUMA node(s):          1
Vendor ID:             GenuineIntel
CPU family:            6
Model:                 63
Model name:            Intel(R) Xeon(R) CPU @ 2.30GHz
Stepping:              0
CPU MHz:               2300.000
BogoMIPS:              4600.00
Hypervisor vendor:     KVM
Virtualization type:   full
L1d cache:             32K
L1i cache:             32K
L2 cache:              256K
L3 cache:              46080K
NUMA node0 CPU(s):     0
Flags:                 fpu vme de pse tsc msr pae mce cx8 apic sep mtrr pge mca cmov pat pse36 clflush mmx fxsr sse sse2 ss ht syscall nx pdpe1gb rdtscp lm constant_tsc rep_good nopl xtopology nonstop_tsc cpuid tsc_known_freq pni pclmulqdq ssse3 fma cx16 pcid sse4_1 sse4_2 x2apic movbe popcnt aes xsave avx f16c rdrand hypervisor lahf_lm abm invpcid_single pti ssbd ibrs ibpb stibp fsgsbase tsc_adjust bmi1 avx2 smep bmi2 erms invpcid xsaveopt arat arch_capabilities
```


**Memory**

```
MemTotal:        3783520 kB
MemFree:          116780 kB
MemAvailable:    2636920 kB
Buffers:           79900 kB
Cached:          2968708 kB
SwapCached:         1816 kB
Active:          1324020 kB
Inactive:        2142028 kB
Active(anon):     445360 kB
Inactive(anon):   347372 kB
Active(file):     878660 kB
Inactive(file):  1794656 kB
Unevictable:           0 kB
Mlocked:               0 kB
SwapTotal:       2097148 kB
SwapFree:        2090480 kB
Dirty:            161228 kB
Writeback:             0 kB
AnonPages:        415716 kB
Mapped:           293048 kB
Shmem:            376444 kB
Slab:             130344 kB
SReclaimable:      99496 kB
SUnreclaim:        30848 kB
KernelStack:        3136 kB
PageTables:        10984 kB
NFS_Unstable:          0 kB
Bounce:                0 kB
WritebackTmp:          0 kB
CommitLimit:     3988908 kB
Committed_AS:    1907576 kB
VmallocTotal:   34359738367 kB
VmallocUsed:           0 kB
VmallocChunk:          0 kB
Percpu:              452 kB
HardwareCorrupted:     0 kB
AnonHugePages:    135168 kB
ShmemHugePages:        0 kB
ShmemPmdMapped:        0 kB
HugePages_Total:       0
HugePages_Free:        0
HugePages_Rsvd:        0
HugePages_Surp:        0
Hugepagesize:       2048 kB
Hugetlb:               0 kB
DirectMap4k:       90100 kB
DirectMap2M:     2793472 kB
DirectMap1G:     1048576 kB
```


        
#### Replica (`postgres.test2.node`) ####
        

**System**

```
Linux runner-0277ea0f-project-9951336-concurrent-0 4.19.23-coreos-r1 #1 SMP Mon Feb 25 23:40:01 -00 2019 x86_64 x86_64 x86_64 GNU/Linux
```


**CPU**

```
Architecture:          x86_64
CPU op-mode(s):        32-bit, 64-bit
Byte Order:            Little Endian
CPU(s):                1
On-line CPU(s) list:   0
Thread(s) per core:    1
Core(s) per socket:    1
Socket(s):             1
NUMA node(s):          1
Vendor ID:             GenuineIntel
CPU family:            6
Model:                 63
Model name:            Intel(R) Xeon(R) CPU @ 2.30GHz
Stepping:              0
CPU MHz:               2300.000
BogoMIPS:              4600.00
Hypervisor vendor:     KVM
Virtualization type:   full
L1d cache:             32K
L1i cache:             32K
L2 cache:              256K
L3 cache:              46080K
NUMA node0 CPU(s):     0
Flags:                 fpu vme de pse tsc msr pae mce cx8 apic sep mtrr pge mca cmov pat pse36 clflush mmx fxsr sse sse2 ss ht syscall nx pdpe1gb rdtscp lm constant_tsc rep_good nopl xtopology nonstop_tsc cpuid tsc_known_freq pni pclmulqdq ssse3 fma cx16 pcid sse4_1 sse4_2 x2apic movbe popcnt aes xsave avx f16c rdrand hypervisor lahf_lm abm invpcid_single pti ssbd ibrs ibpb stibp fsgsbase tsc_adjust bmi1 avx2 smep bmi2 erms invpcid xsaveopt arat arch_capabilities
```


**Memory**

```
MemTotal:        3783520 kB
MemFree:          139724 kB
MemAvailable:    2636664 kB
Buffers:           79796 kB
Cached:          2946816 kB
SwapCached:         1800 kB
Active:          1324312 kB
Inactive:        2119704 kB
Active(anon):     445156 kB
Inactive(anon):   348560 kB
Active(file):     879156 kB
Inactive(file):  1771144 kB
Unevictable:           0 kB
Mlocked:               0 kB
SwapTotal:       2097148 kB
SwapFree:        2090480 kB
Dirty:             53244 kB
Writeback:             0 kB
AnonPages:        415744 kB
Mapped:           294120 kB
Shmem:            377420 kB
Slab:             129980 kB
SReclaimable:      99128 kB
SUnreclaim:        30852 kB
KernelStack:        3132 kB
PageTables:        10988 kB
NFS_Unstable:          0 kB
Bounce:                0 kB
WritebackTmp:          0 kB
CommitLimit:     3988908 kB
Committed_AS:    1905892 kB
VmallocTotal:   34359738367 kB
VmallocUsed:           0 kB
VmallocChunk:          0 kB
Percpu:              452 kB
HardwareCorrupted:     0 kB
AnonHugePages:    135168 kB
ShmemHugePages:        0 kB
ShmemPmdMapped:        0 kB
HugePages_Total:       0
HugePages_Free:        0
HugePages_Rsvd:        0
HugePages_Surp:        0
Hugepagesize:       2048 kB
Hugetlb:               0 kB
DirectMap4k:       90100 kB
DirectMap2M:     2793472 kB
DirectMap1G:     1048576 kB
```


        

## Conclusions ##


## Recommendations ##
